<html>
<body>
<pre>
<h1>µVision Build Log</h1>
<h2>Tool Versions:</h2>
IDE-Version: µVision V5.29.0.0
Copyright (C) 2019 ARM Ltd and ARM Germany GmbH. All rights reserved.
License Information: Thanh nguyen, HP Inc., LIC=KRMW3-A1543-12PLE-5FD8H-ZRP79-MKXG5
 
Tool Versions:
Toolchain:       MDK-ARM Plus  Version: 5.29.0.0
Toolchain Path:  C:\Keil_v5\ARM\ARMCC\Bin
C Compiler:      Armcc.exe V5.06 update 6 (build 750)
Assembler:       Armasm.exe V5.06 update 6 (build 750)
Linker/Locator:  ArmLink.exe V5.06 update 6 (build 750)
Library Manager: ArmAr.exe V5.06 update 6 (build 750)
Hex Converter:   FromElf.exe V5.06 update 6 (build 750)
CPU DLL:         SARMCM3.DLL V5.29.0.0
Dialog DLL:      DCM.DLL V1.17.3.0
Target DLL:      STLink\ST-LINKIII-KEIL_SWO.dll V3.0.7.0
Dialog DLL:      TCM.DLL V1.36.5.0
 
<h2>Project:</h2>
D:\Fablab\Workshop-2026\STM32_Balancing\ADC\MDK-ARM\ADC.uvprojx
Project File Date:  04/25/2026

<h2>Output:</h2>
*** Using Compiler 'V5.06 update 6 (build 750)', folder: 'C:\Keil_v5\ARM\ARMCC\Bin'
Rebuild target 'ADC'
assembling startup_stm32l476xx.s...
compiling stm32l4xx_it.c...
compiling main.c...
../Core/Src/main.c(111): warning:  #1035-D: single-precision operand implicitly converted to double-precision
  		voltage_adc =((float)adc_value*3.0)/4095.0;
../Core/Src/main.c: 1 warning, 0 errors
compiling stm32l4xx_hal_msp.c...
compiling stm32l4xx_hal.c...
compiling stm32l4xx_hal_adc_ex.c...
compiling stm32l4xx_hal_rcc.c...
compiling stm32l4xx_hal_adc.c...
compiling stm32l4xx_hal_flash_ramfunc.c...
compiling stm32l4xx_hal_flash.c...
compiling stm32l4xx_hal_i2c.c...
compiling stm32l4xx_hal_gpio.c...
compiling stm32l4xx_hal_flash_ex.c...
compiling stm32l4xx_hal_i2c_ex.c...
compiling stm32l4xx_hal_rcc_ex.c...
compiling stm32l4xx_hal_dma_ex.c...
compiling stm32l4xx_hal_dma.c...
compiling stm32l4xx_hal_cortex.c...
compiling stm32l4xx_hal_pwr.c...
compiling stm32l4xx_hal_exti.c...
compiling system_stm32l4xx.c...
compiling stm32l4xx_hal_pwr_ex.c...
linking...
Program Size: Code=9712 RO-data=488 RW-data=40 ZI-data=1736  
FromELF: creating hex file...
"ADC\ADC.axf" - 0 Error(s), 1 Warning(s).

<h2>Software Packages used:</h2>

Package Vendor: ARM
                http://www.keil.com/pack/ARM.CMSIS.5.6.0.pack
                ARM.CMSIS.5.6.0
                CMSIS (Cortex Microcontroller Software Interface Standard)
   * Component: CORE Version: 5.3.0

Package Vendor: Keil
                https://www.keil.com/pack/Keil.STM32L4xx_DFP.3.1.0.pack
                Keil.STM32L4xx_DFP.3.1.0
                STMicroelectronics STM32L4 Series Device Support

<h2>Collection of Component include folders:</h2>
  .\RTE\_ADC
  C:\Users\thanh\AppData\Local\Arm\Packs\ARM\CMSIS\5.6.0\CMSIS\Core\Include

<h2>Collection of Component Files used:</h2>

   * Component: ARM::CMSIS:CORE:5.3.0
Build Time Elapsed:  00:01:12
</pre>
</body>
</html>
