Component: ARM Compiler 5.06 update 6 (build 750) Tool: armlink [4d35ed]

==============================================================================

Section Cross References

    startup_stm32l476xx.o(STACK) refers (Special) to heapauxi.o(.text) for __use_two_region_memory
    startup_stm32l476xx.o(HEAP) refers (Special) to heapauxi.o(.text) for __use_two_region_memory
    startup_stm32l476xx.o(RESET) refers (Special) to heapauxi.o(.text) for __use_two_region_memory
    startup_stm32l476xx.o(RESET) refers to startup_stm32l476xx.o(STACK) for __initial_sp
    startup_stm32l476xx.o(RESET) refers to startup_stm32l476xx.o(.text) for Reset_Handler
    startup_stm32l476xx.o(RESET) refers to stm32l4xx_it.o(i.NMI_Handler) for NMI_Handler
    startup_stm32l476xx.o(RESET) refers to stm32l4xx_it.o(i.HardFault_Handler) for HardFault_Handler
    startup_stm32l476xx.o(RESET) refers to stm32l4xx_it.o(i.MemManage_Handler) for MemManage_Handler
    startup_stm32l476xx.o(RESET) refers to stm32l4xx_it.o(i.BusFault_Handler) for BusFault_Handler
    startup_stm32l476xx.o(RESET) refers to stm32l4xx_it.o(i.UsageFault_Handler) for UsageFault_Handler
    startup_stm32l476xx.o(RESET) refers to stm32l4xx_it.o(i.SVC_Handler) for SVC_Handler
    startup_stm32l476xx.o(RESET) refers to stm32l4xx_it.o(i.DebugMon_Handler) for DebugMon_Handler
    startup_stm32l476xx.o(RESET) refers to stm32l4xx_it.o(i.PendSV_Handler) for PendSV_Handler
    startup_stm32l476xx.o(RESET) refers to stm32l4xx_it.o(i.SysTick_Handler) for SysTick_Handler
    startup_stm32l476xx.o(RESET) refers to stm32l4xx_it.o(i.DMA1_Channel4_IRQHandler) for DMA1_Channel4_IRQHandler
    startup_stm32l476xx.o(RESET) refers to stm32l4xx_it.o(i.DMA1_Channel5_IRQHandler) for DMA1_Channel5_IRQHandler
    startup_stm32l476xx.o(RESET) refers to stm32l4xx_it.o(i.SPI2_IRQHandler) for SPI2_IRQHandler
    startup_stm32l476xx.o(.text) refers (Special) to heapauxi.o(.text) for __use_two_region_memory
    startup_stm32l476xx.o(.text) refers to system_stm32l4xx.o(i.SystemInit) for SystemInit
    startup_stm32l476xx.o(.text) refers to __main.o(!!!main) for __main
    startup_stm32l476xx.o(.text) refers to startup_stm32l476xx.o(HEAP) for Heap_Mem
    startup_stm32l476xx.o(.text) refers to startup_stm32l476xx.o(STACK) for Stack_Mem
    main.o(i.MX_GPIO_Init) refers to rt_memclr_w.o(.text) for __aeabi_memclr4
    main.o(i.MX_GPIO_Init) refers to stm32l4xx_hal_gpio.o(i.HAL_GPIO_WritePin) for HAL_GPIO_WritePin
    main.o(i.MX_GPIO_Init) refers to stm32l4xx_hal_gpio.o(i.HAL_GPIO_Init) for HAL_GPIO_Init
    main.o(i.MX_SPI2_Init) refers to stm32l4xx_hal_spi.o(i.HAL_SPI_Init) for HAL_SPI_Init
    main.o(i.MX_SPI2_Init) refers to main.o(.bss) for .bss
    main.o(i.SystemClock_Config) refers to rt_memclr_w.o(.text) for __aeabi_memclr4
    main.o(i.SystemClock_Config) refers to stm32l4xx_hal_pwr_ex.o(i.HAL_PWREx_ControlVoltageScaling) for HAL_PWREx_ControlVoltageScaling
    main.o(i.SystemClock_Config) refers to stm32l4xx_hal_rcc.o(i.HAL_RCC_OscConfig) for HAL_RCC_OscConfig
    main.o(i.SystemClock_Config) refers to stm32l4xx_hal_rcc.o(i.HAL_RCC_ClockConfig) for HAL_RCC_ClockConfig
    main.o(i.main) refers to stm32l4xx_hal.o(i.HAL_Init) for HAL_Init
    main.o(i.main) refers to main.o(i.SystemClock_Config) for SystemClock_Config
    main.o(i.main) refers to main.o(i.MX_GPIO_Init) for MX_GPIO_Init
    main.o(i.main) refers to stm32l4xx_hal_cortex.o(i.HAL_NVIC_SetPriority) for HAL_NVIC_SetPriority
    main.o(i.main) refers to stm32l4xx_hal_cortex.o(i.HAL_NVIC_EnableIRQ) for HAL_NVIC_EnableIRQ
    main.o(i.main) refers to main.o(i.MX_SPI2_Init) for MX_SPI2_Init
    main.o(i.main) refers to icm_20948.o(i.icm_20948_init) for icm_20948_init
    main.o(i.main) refers to icm_20948.o(i.icm_20948_start_read) for icm_20948_start_read
    main.o(i.main) refers to icm_20948.o(i.icm_20948_process) for icm_20948_process
    main.o(i.main) refers to icm_20948.o(i.icm_20948_read_data) for icm_20948_read_data
    main.o(i.main) refers to icm_20948.o(.data) for imu_state
    main.o(i.main) refers to main.o(.bss) for .bss
    stm32l4xx_it.o(i.DMA1_Channel4_IRQHandler) refers to stm32l4xx_hal_dma.o(i.HAL_DMA_IRQHandler) for HAL_DMA_IRQHandler
    stm32l4xx_it.o(i.DMA1_Channel4_IRQHandler) refers to main.o(.bss) for hdma_spi2_rx
    stm32l4xx_it.o(i.DMA1_Channel5_IRQHandler) refers to stm32l4xx_hal_dma.o(i.HAL_DMA_IRQHandler) for HAL_DMA_IRQHandler
    stm32l4xx_it.o(i.DMA1_Channel5_IRQHandler) refers to main.o(.bss) for hdma_spi2_tx
    stm32l4xx_it.o(i.SPI2_IRQHandler) refers to stm32l4xx_hal_spi.o(i.HAL_SPI_IRQHandler) for HAL_SPI_IRQHandler
    stm32l4xx_it.o(i.SPI2_IRQHandler) refers to main.o(.bss) for hspi2
    stm32l4xx_it.o(i.SysTick_Handler) refers to stm32l4xx_hal.o(i.HAL_IncTick) for HAL_IncTick
    stm32l4xx_hal_msp.o(i.HAL_SPI_MspDeInit) refers to stm32l4xx_hal_gpio.o(i.HAL_GPIO_DeInit) for HAL_GPIO_DeInit
[...]
    Removing stm32l4xx_hal.o(i.HAL_GetUIDw0), (12 bytes).
    Removing stm32l4xx_hal.o(i.HAL_GetUIDw1), (12 bytes).
    Removing stm32l4xx_hal.o(i.HAL_GetUIDw2), (12 bytes).
    Removing stm32l4xx_hal.o(i.HAL_MspDeInit), (2 bytes).
    Removing stm32l4xx_hal.o(i.HAL_MspInit), (2 bytes).
    Removing stm32l4xx_hal.o(i.HAL_ResumeTick), (14 bytes).
    Removing stm32l4xx_hal.o(i.HAL_SYSCFG_DisableIOAnalogSwitchBooster), (16 bytes).
    Removing stm32l4xx_hal.o(i.HAL_SYSCFG_DisableMemorySwappingBank), (12 bytes).
    Removing stm32l4xx_hal.o(i.HAL_SYSCFG_DisableVREFBUF), (16 bytes).
    Removing stm32l4xx_hal.o(i.HAL_SYSCFG_EnableIOAnalogSwitchBooster), (16 bytes).
    Removing stm32l4xx_hal.o(i.HAL_SYSCFG_EnableMemorySwappingBank), (12 bytes).
    Removing stm32l4xx_hal.o(i.HAL_SYSCFG_EnableVREFBUF), (48 bytes).
    Removing stm32l4xx_hal.o(i.HAL_SYSCFG_SRAM2Erase), (28 bytes).
    Removing stm32l4xx_hal.o(i.HAL_SYSCFG_VREFBUF_HighImpedanceConfig), (20 bytes).
    Removing stm32l4xx_hal.o(i.HAL_SYSCFG_VREFBUF_TrimmingConfig), (20 bytes).
    Removing stm32l4xx_hal.o(i.HAL_SYSCFG_VREFBUF_VoltageScalingConfig), (20 bytes).
    Removing stm32l4xx_hal.o(i.HAL_SetTickFreq), (36 bytes).
    Removing stm32l4xx_hal.o(i.HAL_SuspendTick), (14 bytes).
    Removing stm32l4xx_hal_rcc.o(.rev16_text), (4 bytes).
    Removing stm32l4xx_hal_rcc.o(.revsh_text), (4 bytes).
    Removing stm32l4xx_hal_rcc.o(.rrx_text), (6 bytes).
    Removing stm32l4xx_hal_rcc.o(i.HAL_RCC_CSSCallback), (2 bytes).
    Removing stm32l4xx_hal_rcc.o(i.HAL_RCC_DeInit), (232 bytes).
    Removing stm32l4xx_hal_rcc.o(i.HAL_RCC_EnableCSS), (16 bytes).
    Removing stm32l4xx_hal_rcc.o(i.HAL_RCC_GetClockConfig), (64 bytes).
    Removing stm32l4xx_hal_rcc.o(i.HAL_RCC_GetHCLKFreq), (12 bytes).
    Removing stm32l4xx_hal_rcc.o(i.HAL_RCC_GetOscConfig), (224 bytes).
    Removing stm32l4xx_hal_rcc.o(i.HAL_RCC_GetPCLK1Freq), (36 bytes).
    Removing stm32l4xx_hal_rcc.o(i.HAL_RCC_GetPCLK2Freq), (36 bytes).
    Removing stm32l4xx_hal_rcc.o(i.HAL_RCC_GetResetSource), (24 bytes).
    Removing stm32l4xx_hal_rcc.o(i.HAL_RCC_MCOConfig), (72 bytes).
    Removing stm32l4xx_hal_rcc.o(i.HAL_RCC_NMI_IRQHandler), (24 bytes).
    Removing stm32l4xx_hal_rcc_ex.o(.rev16_text), (4 bytes).
    Removing stm32l4xx_hal_rcc_ex.o(.revsh_text), (4 bytes).
    Removing stm32l4xx_hal_rcc_ex.o(.rrx_text), (6 bytes).
    Removing stm32l4xx_hal_rcc_ex.o(i.HAL_RCCEx_DisableLSCO), (88 bytes).
    Removing stm32l4xx_hal_rcc_ex.o(i.HAL_RCCEx_DisableLSECSS), (28 bytes).
    Removing stm32l4xx_hal_rcc_ex.o(i.HAL_RCCEx_DisableMSIPLLMode), (16 bytes).
    Removing stm32l4xx_hal_rcc_ex.o(i.HAL_RCCEx_DisablePLLSAI1), (80 bytes).
    Removing stm32l4xx_hal_rcc_ex.o(i.HAL_RCCEx_DisablePLLSAI2), (80 bytes).
    Removing stm32l4xx_hal_rcc_ex.o(i.HAL_RCCEx_EnableLSCO), (148 bytes).
    Removing stm32l4xx_hal_rcc_ex.o(i.HAL_RCCEx_EnableLSECSS), (20 bytes).
    Removing stm32l4xx_hal_rcc_ex.o(i.HAL_RCCEx_EnableLSECSS_IT), (56 bytes).
    Removing stm32l4xx_hal_rcc_ex.o(i.HAL_RCCEx_EnableMSIPLLMode), (16 bytes).
    Removing stm32l4xx_hal_rcc_ex.o(i.HAL_RCCEx_EnablePLLSAI1), (156 bytes).
    Removing stm32l4xx_hal_rcc_ex.o(i.HAL_RCCEx_EnablePLLSAI2), (140 bytes).
    Removing stm32l4xx_hal_rcc_ex.o(i.HAL_RCCEx_GetPeriphCLKConfig), (288 bytes).
    Removing stm32l4xx_hal_rcc_ex.o(i.HAL_RCCEx_GetPeriphCLKFreq), (990 bytes).
    Removing stm32l4xx_hal_rcc_ex.o(i.HAL_RCCEx_LSECSS_Callback), (2 bytes).
    Removing stm32l4xx_hal_rcc_ex.o(i.HAL_RCCEx_LSECSS_IRQHandler), (24 bytes).
    Removing stm32l4xx_hal_rcc_ex.o(i.HAL_RCCEx_PeriphCLKConfig), (942 bytes).
    Removing stm32l4xx_hal_rcc_ex.o(i.HAL_RCCEx_StandbyMSIRangeConfig), (24 bytes).
    Removing stm32l4xx_hal_rcc_ex.o(i.HAL_RCCEx_WakeUpStopCLKConfig), (20 bytes).
    Removing stm32l4xx_hal_rcc_ex.o(i.RCCEx_GetSAIxPeriphCLKFreq), (228 bytes).
    Removing stm32l4xx_hal_rcc_ex.o(i.RCCEx_PLLSAI1_Config), (300 bytes).
    Removing stm32l4xx_hal_rcc_ex.o(i.RCCEx_PLLSAI2_Config), (264 bytes).
    Removing stm32l4xx_hal_flash.o(.rev16_text), (4 bytes).
    Removing stm32l4xx_hal_flash.o(.revsh_text), (4 bytes).
    Removing stm32l4xx_hal_flash.o(.rrx_text), (6 bytes).
    Removing stm32l4xx_hal_flash.o(i.FLASH_Program_DoubleWord), (28 bytes).
    Removing stm32l4xx_hal_flash.o(i.FLASH_Program_Fast), (44 bytes).
    Removing stm32l4xx_hal_flash.o(i.FLASH_WaitForLastOperation), (96 bytes).
    Removing stm32l4xx_hal_flash.o(i.HAL_FLASH_EndOfOperationCallback), (2 bytes).
    Removing stm32l4xx_hal_flash.o(i.HAL_FLASH_GetError), (12 bytes).
    Removing stm32l4xx_hal_flash.o(i.HAL_FLASH_IRQHandler), (240 bytes).
    Removing stm32l4xx_hal_flash.o(i.HAL_FLASH_Lock), (20 bytes).
    Removing stm32l4xx_hal_flash.o(i.HAL_FLASH_OB_Launch), (24 bytes).
    Removing stm32l4xx_hal_flash.o(i.HAL_FLASH_OB_Lock), (20 bytes).
    Removing stm32l4xx_hal_flash.o(i.HAL_FLASH_OB_Unlock), (36 bytes).
    Removing stm32l4xx_hal_flash.o(i.HAL_FLASH_OperationErrorCallback), (2 bytes).
    Removing stm32l4xx_hal_flash.o(i.HAL_FLASH_Program), (170 bytes).
    Removing stm32l4xx_hal_flash.o(i.HAL_FLASH_Program_IT), (120 bytes).
    Removing stm32l4xx_hal_flash.o(i.HAL_FLASH_Unlock), (40 bytes).
    Removing stm32l4xx_hal_flash.o(.data), (32 bytes).
    Removing stm32l4xx_hal_flash_ex.o(.rev16_text), (4 bytes).
    Removing stm32l4xx_hal_flash_ex.o(.revsh_text), (4 bytes).
    Removing stm32l4xx_hal_flash_ex.o(.rrx_text), (6 bytes).
    Removing stm32l4xx_hal_flash_ex.o(i.FLASH_FlushCaches), (92 bytes).
    Removing stm32l4xx_hal_flash_ex.o(i.FLASH_MassErase), (40 bytes).
    Removing stm32l4xx_hal_flash_ex.o(i.FLASH_OB_GetPCROP), (140 bytes).
    Removing stm32l4xx_hal_flash_ex.o(i.FLASH_OB_PCROPConfig), (196 bytes).
    Removing stm32l4xx_hal_flash_ex.o(i.FLASH_OB_UserConfig), (248 bytes).
    Removing stm32l4xx_hal_flash_ex.o(i.FLASH_OB_WRPConfig), (124 bytes).
    Removing stm32l4xx_hal_flash_ex.o(i.FLASH_PageErase), (52 bytes).
    Removing stm32l4xx_hal_flash_ex.o(i.HAL_FLASHEx_Erase), (226 bytes).
    Removing stm32l4xx_hal_flash_ex.o(i.HAL_FLASHEx_Erase_IT), (140 bytes).
    Removing stm32l4xx_hal_flash_ex.o(i.HAL_FLASHEx_OBGetConfig), (152 bytes).
    Removing stm32l4xx_hal_flash_ex.o(i.HAL_FLASHEx_OBProgram), (172 bytes).
    Removing stm32l4xx_hal_flash_ramfunc.o(.rev16_text), (4 bytes).
    Removing stm32l4xx_hal_flash_ramfunc.o(.revsh_text), (4 bytes).
    Removing stm32l4xx_hal_flash_ramfunc.o(.rrx_text), (6 bytes).
    Removing stm32l4xx_hal_flash_ramfunc.o(i.HAL_FLASHEx_DisableRunPowerDown), (36 bytes).
    Removing stm32l4xx_hal_flash_ramfunc.o(i.HAL_FLASHEx_EnableRunPowerDown), (36 bytes).
    Removing stm32l4xx_hal_gpio.o(.rev16_text), (4 bytes).
    Removing stm32l4xx_hal_gpio.o(.revsh_text), (4 bytes).
    Removing stm32l4xx_hal_gpio.o(.rrx_text), (6 bytes).
    Removing stm32l4xx_hal_gpio.o(i.HAL_GPIO_DeInit), (362 bytes).
    Removing stm32l4xx_hal_gpio.o(i.HAL_GPIO_EXTI_Callback), (2 bytes).
    Removing stm32l4xx_hal_gpio.o(i.HAL_GPIO_EXTI_IRQHandler), (24 bytes).
    Removing stm32l4xx_hal_gpio.o(i.HAL_GPIO_LockPin), (34 bytes).
    Removing stm32l4xx_hal_gpio.o(i.HAL_GPIO_ReadPin), (10 bytes).
    Removing stm32l4xx_hal_gpio.o(i.HAL_GPIO_TogglePin), (16 bytes).
    Removing stm32l4xx_hal_i2c.o(.rev16_text), (4 bytes).
    Removing stm32l4xx_hal_i2c.o(.revsh_text), (4 bytes).
    Removing stm32l4xx_hal_i2c.o(.rrx_text), (6 bytes).
    Removing stm32l4xx_hal_i2c_ex.o(.rev16_text), (4 bytes).
    Removing stm32l4xx_hal_i2c_ex.o(.revsh_text), (4 bytes).
    Removing stm32l4xx_hal_i2c_ex.o(.rrx_text), (6 bytes).
    Removing stm32l4xx_hal_dma.o(.rev16_text), (4 bytes).
    Removing stm32l4xx_hal_dma.o(.revsh_text), (4 bytes).
    Removing stm32l4xx_hal_dma.o(.rrx_text), (6 bytes).
    Removing stm32l4xx_hal_dma.o(i.HAL_DMA_Abort), (76 bytes).
    Removing stm32l4xx_hal_dma.o(i.HAL_DMA_DeInit), (156 bytes).
    Removing stm32l4xx_hal_dma.o(i.HAL_DMA_GetError), (4 bytes).
    Removing stm32l4xx_hal_dma.o(i.HAL_DMA_GetState), (6 bytes).
    Removing stm32l4xx_hal_dma.o(i.HAL_DMA_PollForTransfer), (218 bytes).
    Removing stm32l4xx_hal_dma.o(i.HAL_DMA_RegisterCallback), (74 bytes).
    Removing stm32l4xx_hal_dma.o(i.HAL_DMA_Start), (84 bytes).
    Removing stm32l4xx_hal_dma.o(i.HAL_DMA_UnRegisterCallback), (82 bytes).
    Removing stm32l4xx_hal_dma_ex.o(.rev16_text), (4 bytes).
    Removing stm32l4xx_hal_dma_ex.o(.revsh_text), (4 bytes).
    Removing stm32l4xx_hal_dma_ex.o(.rrx_text), (6 bytes).
    Removing stm32l4xx_hal_pwr.o(.rev16_text), (4 bytes).
    Removing stm32l4xx_hal_pwr.o(.revsh_text), (4 bytes).
    Removing stm32l4xx_hal_pwr.o(.rrx_text), (6 bytes).
    Removing stm32l4xx_hal_pwr.o(i.HAL_PWR_ConfigPVD), (128 bytes).
    Removing stm32l4xx_hal_pwr.o(i.HAL_PWR_DeInit), (24 bytes).
    Removing stm32l4xx_hal_pwr.o(i.HAL_PWR_DisableBkUpAccess), (16 bytes).
    Removing stm32l4xx_hal_pwr.o(i.HAL_PWR_DisablePVD), (16 bytes).
    Removing stm32l4xx_hal_pwr.o(i.HAL_PWR_DisableSEVOnPend), (16 bytes).
    Removing stm32l4xx_hal_pwr.o(i.HAL_PWR_DisableSleepOnExit), (16 bytes).
    Removing stm32l4xx_hal_pwr.o(i.HAL_PWR_DisableWakeUpPin), (20 bytes).
    Removing stm32l4xx_hal_pwr.o(i.HAL_PWR_EnableBkUpAccess), (16 bytes).
    Removing stm32l4xx_hal_pwr.o(i.HAL_PWR_EnablePVD), (16 bytes).
    Removing stm32l4xx_hal_pwr.o(i.HAL_PWR_EnableSEVOnPend), (16 bytes).
    Removing stm32l4xx_hal_pwr.o(i.HAL_PWR_EnableSleepOnExit), (16 bytes).
    Removing stm32l4xx_hal_pwr.o(i.HAL_PWR_EnableWakeUpPin), (28 bytes).
    Removing stm32l4xx_hal_pwr.o(i.HAL_PWR_EnterSLEEPMode), (72 bytes).
    Removing stm32l4xx_hal_pwr.o(i.HAL_PWR_EnterSTANDBYMode), (36 bytes).
    Removing stm32l4xx_hal_pwr.o(i.HAL_PWR_EnterSTOPMode), (16 bytes).
    Removing stm32l4xx_hal_pwr.o(i.HAL_PWR_PVDCallback), (2 bytes).
    Removing stm32l4xx_hal_pwr_ex.o(.rev16_text), (4 bytes).
    Removing stm32l4xx_hal_pwr_ex.o(.revsh_text), (4 bytes).
    Removing stm32l4xx_hal_pwr_ex.o(.rrx_text), (6 bytes).
    Removing stm32l4xx_hal_pwr_ex.o(i.HAL_PWREx_ConfigPVM), (400 bytes).
    Removing stm32l4xx_hal_pwr_ex.o(i.HAL_PWREx_DisableBatteryCharging), (16 bytes).
    Removing stm32l4xx_hal_pwr_ex.o(i.HAL_PWREx_DisableExtSMPS_0V95), (16 bytes).
    Removing stm32l4xx_hal_pwr_ex.o(i.HAL_PWREx_DisableGPIOPullDown), (108 bytes).
    Removing stm32l4xx_hal_pwr_ex.o(i.HAL_PWREx_DisableGPIOPullUp), (104 bytes).
    Removing stm32l4xx_hal_pwr_ex.o(i.HAL_PWREx_DisableInternalWakeUpLine), (16 bytes).
    Removing stm32l4xx_hal_pwr_ex.o(i.HAL_PWREx_DisableLowPowerRunMode), (68 bytes).
    Removing stm32l4xx_hal_pwr_ex.o(i.HAL_PWREx_DisablePVM1), (16 bytes).
    Removing stm32l4xx_hal_pwr_ex.o(i.HAL_PWREx_DisablePVM2), (16 bytes).
    Removing stm32l4xx_hal_pwr_ex.o(i.HAL_PWREx_DisablePVM3), (16 bytes).
    Removing stm32l4xx_hal_pwr_ex.o(i.HAL_PWREx_DisablePVM4), (16 bytes).
    Removing stm32l4xx_hal_pwr_ex.o(i.HAL_PWREx_DisablePullUpPullDownConfig), (16 bytes).
    Removing stm32l4xx_hal_pwr_ex.o(i.HAL_PWREx_DisableSRAM2ContentRetention), (6 bytes).
    Removing stm32l4xx_hal_pwr_ex.o(i.HAL_PWREx_DisableVddIO2), (16 bytes).
    Removing stm32l4xx_hal_pwr_ex.o(i.HAL_PWREx_DisableVddUSB), (16 bytes).
    Removing stm32l4xx_hal_pwr_ex.o(i.HAL_PWREx_EnableBatteryCharging), (28 bytes).
    Removing stm32l4xx_hal_pwr_ex.o(i.HAL_PWREx_EnableExtSMPS_0V95), (16 bytes).
    Removing stm32l4xx_hal_pwr_ex.o(i.HAL_PWREx_EnableGPIOPullDown), (160 bytes).
    Removing stm32l4xx_hal_pwr_ex.o(i.HAL_PWREx_EnableGPIOPullUp), (160 bytes).
    Removing stm32l4xx_hal_pwr_ex.o(i.HAL_PWREx_EnableInternalWakeUpLine), (16 bytes).
    Removing stm32l4xx_hal_pwr_ex.o(i.HAL_PWREx_EnableLowPowerRunMode), (16 bytes).
    Removing stm32l4xx_hal_pwr_ex.o(i.HAL_PWREx_EnablePVM1), (16 bytes).
    Removing stm32l4xx_hal_pwr_ex.o(i.HAL_PWREx_EnablePVM2), (16 bytes).
    Removing stm32l4xx_hal_pwr_ex.o(i.HAL_PWREx_EnablePVM3), (16 bytes).
    Removing stm32l4xx_hal_pwr_ex.o(i.HAL_PWREx_EnablePVM4), (16 bytes).
    Removing stm32l4xx_hal_pwr_ex.o(i.HAL_PWREx_EnablePullUpPullDownConfig), (16 bytes).
    Removing stm32l4xx_hal_pwr_ex.o(i.HAL_PWREx_EnableSRAM2ContentRetention), (8 bytes).
    Removing stm32l4xx_hal_pwr_ex.o(i.HAL_PWREx_EnableVddIO2), (16 bytes).
    Removing stm32l4xx_hal_pwr_ex.o(i.HAL_PWREx_EnableVddUSB), (16 bytes).
    Removing stm32l4xx_hal_pwr_ex.o(i.HAL_PWREx_EnterSHUTDOWNMode), (36 bytes).
    Removing stm32l4xx_hal_pwr_ex.o(i.HAL_PWREx_EnterSTOP0Mode), (52 bytes).
    Removing stm32l4xx_hal_pwr_ex.o(i.HAL_PWREx_EnterSTOP1Mode), (56 bytes).
    Removing stm32l4xx_hal_pwr_ex.o(i.HAL_PWREx_EnterSTOP2Mode), (56 bytes).
    Removing stm32l4xx_hal_pwr_ex.o(i.HAL_PWREx_PVD_PVM_IRQHandler), (88 bytes).
    Removing stm32l4xx_hal_pwr_ex.o(i.HAL_PWREx_PVM1Callback), (2 bytes).
    Removing stm32l4xx_hal_pwr_ex.o(i.HAL_PWREx_PVM2Callback), (2 bytes).
    Removing stm32l4xx_hal_pwr_ex.o(i.HAL_PWREx_PVM3Callback), (2 bytes).
    Removing stm32l4xx_hal_pwr_ex.o(i.HAL_PWREx_PVM4Callback), (2 bytes).
    Removing stm32l4xx_hal_pwr_ex.o(i.HAL_PWREx_SetSRAM2ContentRetention), (40 bytes).
    Removing stm32l4xx_hal_cortex.o(.rev16_text), (4 bytes).
    Removing stm32l4xx_hal_cortex.o(.revsh_text), (4 bytes).
    Removing stm32l4xx_hal_cortex.o(.rrx_text), (6 bytes).
    Removing stm32l4xx_hal_cortex.o(i.HAL_MPU_ConfigRegion), (84 bytes).
    Removing stm32l4xx_hal_cortex.o(i.HAL_MPU_Disable), (16 bytes).
    Removing stm32l4xx_hal_cortex.o(i.HAL_MPU_DisableRegion), (24 bytes).
    Removing stm32l4xx_hal_cortex.o(i.HAL_MPU_Enable), (24 bytes).
    Removing stm32l4xx_hal_cortex.o(i.HAL_MPU_EnableRegion), (24 bytes).
    Removing stm32l4xx_hal_cortex.o(i.HAL_NVIC_ClearPendingIRQ), (26 bytes).
    Removing stm32l4xx_hal_cortex.o(i.HAL_NVIC_DisableIRQ), (34 bytes).
    Removing stm32l4xx_hal_cortex.o(i.HAL_NVIC_GetActive), (36 bytes).
    Removing stm32l4xx_hal_cortex.o(i.HAL_NVIC_GetPendingIRQ), (36 bytes).
    Removing stm32l4xx_hal_cortex.o(i.HAL_NVIC_GetPriority), (82 bytes).
    Removing stm32l4xx_hal_cortex.o(i.HAL_NVIC_GetPriorityGrouping), (16 bytes).
    Removing stm32l4xx_hal_cortex.o(i.HAL_NVIC_SetPendingIRQ), (26 bytes).
    Removing stm32l4xx_hal_cortex.o(i.HAL_NVIC_SystemReset), (36 bytes).
    Removing stm32l4xx_hal_cortex.o(i.HAL_SYSTICK_CLKSourceConfig), (24 bytes).
    Removing stm32l4xx_hal_cortex.o(i.HAL_SYSTICK_Callback), (2 bytes).
    Removing stm32l4xx_hal_cortex.o(i.HAL_SYSTICK_IRQHandler), (8 bytes).
    Removing stm32l4xx_hal_exti.o(.rev16_text), (4 bytes).
    Removing stm32l4xx_hal_exti.o(.revsh_text), (4 bytes).
    Removing stm32l4xx_hal_exti.o(.rrx_text), (6 bytes).
    Removing stm32l4xx_hal_exti.o(i.HAL_EXTI_ClearConfigLine), (128 bytes).
    Removing stm32l4xx_hal_exti.o(i.HAL_EXTI_ClearPending), (28 bytes).
    Removing stm32l4xx_hal_exti.o(i.HAL_EXTI_GenerateSWI), (28 bytes).
    Removing stm32l4xx_hal_exti.o(i.HAL_EXTI_GetConfigLine), (160 bytes).
    Removing stm32l4xx_hal_exti.o(i.HAL_EXTI_GetHandle), (12 bytes).
    Removing stm32l4xx_hal_exti.o(i.HAL_EXTI_GetPending), (32 bytes).
    Removing stm32l4xx_hal_exti.o(i.HAL_EXTI_IRQHandler), (44 bytes).
    Removing stm32l4xx_hal_exti.o(i.HAL_EXTI_RegisterCallback), (14 bytes).
    Removing stm32l4xx_hal_exti.o(i.HAL_EXTI_SetConfigLine), (176 bytes).
    Removing system_stm32l4xx.o(.rev16_text), (4 bytes).
    Removing system_stm32l4xx.o(.revsh_text), (4 bytes).
    Removing system_stm32l4xx.o(.rrx_text), (6 bytes).
    Removing system_stm32l4xx.o(i.SystemCoreClockUpdate), (168 bytes).
    Removing system_stm32l4xx.o(.constdata), (8 bytes).
    Removing icm_20948.o(.rev16_text), (4 bytes).
    Removing icm_20948.o(.revsh_text), (4 bytes).
    Removing icm_20948.o(.rrx_text), (6 bytes).
    Removing icm_20948.o(.data), (1 bytes).

291 unused section(s) (total 15762 bytes) removed from the image.

==============================================================================

Image Symbol Table

    Local Symbols

    Symbol Name                              Value     Ov Type        Size  Object(Section)

    ../Core/Src/main.c                       0x00000000   Number         0  main.o ABSOLUTE
    ../Core/Src/stm32l4xx_hal_msp.c          0x00000000   Number         0  stm32l4xx_hal_msp.o ABSOLUTE
    ../Core/Src/stm32l4xx_it.c               0x00000000   Number         0  stm32l4xx_it.o ABSOLUTE
    ../Core/Src/system_stm32l4xx.c           0x00000000   Number         0  system_stm32l4xx.o ABSOLUTE
    ../Drivers/STM32L4xx_HAL_Driver/Src/stm32l4xx_hal.c 0x00000000   Number         0  stm32l4xx_hal.o ABSOLUTE
    ../Drivers/STM32L4xx_HAL_Driver/Src/stm32l4xx_hal_cortex.c 0x00000000   Number         0  stm32l4xx_hal_cortex.o ABSOLUTE
    ../Drivers/STM32L4xx_HAL_Driver/Src/stm32l4xx_hal_dma.c 0x00000000   Number         0  stm32l4xx_hal_dma.o ABSOLUTE
    ../Drivers/STM32L4xx_HAL_Driver/Src/stm32l4xx_hal_dma_ex.c 0x00000000   Number         0  stm32l4xx_hal_dma_ex.o ABSOLUTE
    ../Drivers/STM32L4xx_HAL_Driver/Src/stm32l4xx_hal_exti.c 0x00000000   Number         0  stm32l4xx_hal_exti.o ABSOLUTE
    ../Drivers/STM32L4xx_HAL_Driver/Src/stm32l4xx_hal_flash.c 0x00000000   Number         0  stm32l4xx_hal_flash.o ABSOLUTE
    ../Drivers/STM32L4xx_HAL_Driver/Src/stm32l4xx_hal_flash_ex.c 0x00000000   Number         0  stm32l4xx_hal_flash_ex.o ABSOLUTE
    ../Drivers/STM32L4xx_HAL_Driver/Src/stm32l4xx_hal_flash_ramfunc.c 0x00000000   Number         0  stm32l4xx_hal_flash_ramfunc.o ABSOLUTE
    ../Drivers/STM32L4xx_HAL_Driver/Src/stm32l4xx_hal_gpio.c 0x00000000   Number         0  stm32l4xx_hal_gpio.o ABSOLUTE
    ../Drivers/STM32L4xx_HAL_Driver/Src/stm32l4xx_hal_i2c.c 0x00000000   Number         0  stm32l4xx_hal_i2c.o ABSOLUTE
    ../Drivers/STM32L4xx_HAL_Driver/Src/stm32l4xx_hal_i2c_ex.c 0x00000000   Number         0  stm32l4xx_hal_i2c_ex.o ABSOLUTE
    ../Drivers/STM32L4xx_HAL_Driver/Src/stm32l4xx_hal_pwr.c 0x00000000   Number         0  stm32l4xx_hal_pwr.o ABSOLUTE
    ../Drivers/STM32L4xx_HAL_Driver/Src/stm32l4xx_hal_pwr_ex.c 0x00000000   Number         0  stm32l4xx_hal_pwr_ex.o ABSOLUTE
    ../Drivers/STM32L4xx_HAL_Driver/Src/stm32l4xx_hal_rcc.c 0x00000000   Number         0  stm32l4xx_hal_rcc.o ABSOLUTE
    ../Drivers/STM32L4xx_HAL_Driver/Src/stm32l4xx_hal_rcc_ex.c 0x00000000   Number         0  stm32l4xx_hal_rcc_ex.o ABSOLUTE
    ../Drivers/STM32L4xx_HAL_Driver/Src/stm32l4xx_hal_spi.c 0x00000000   Number         0  stm32l4xx_hal_spi.o ABSOLUTE
    ../Drivers/STM32L4xx_HAL_Driver/Src/stm32l4xx_hal_spi_ex.c 0x00000000   Number         0  stm32l4xx_hal_spi_ex.o ABSOLUTE
    ../clib/angel/boardlib.s                 0x00000000   Number         0  boardinit3.o ABSOLUTE
    ../clib/angel/boardlib.s                 0x00000000   Number         0  boardinit2.o ABSOLUTE
    ../clib/angel/boardlib.s                 0x00000000   Number         0  boardinit1.o ABSOLUTE
    ../clib/angel/boardlib.s                 0x00000000   Number         0  boardshut.o ABSOLUTE
    ../clib/angel/handlers.s                 0x00000000   Number         0  __scatter_zi.o ABSOLUTE
    ../clib/angel/handlers.s                 0x00000000   Number         0  __scatter_copy.o ABSOLUTE
    ../clib/angel/kernel.s                   0x00000000   Number         0  __rtentry.o ABSOLUTE
    ../clib/angel/kernel.s                   0x00000000   Number         0  __rtentry2.o ABSOLUTE
    ../clib/angel/kernel.s                   0x00000000   Number         0  rtexit.o ABSOLUTE
    ../clib/angel/kernel.s                   0x00000000   Number         0  __rtentry4.o ABSOLUTE
    ../clib/angel/kernel.s                   0x00000000   Number         0  rtexit2.o ABSOLUTE
    ../clib/angel/rt.s                       0x00000000   Number         0  rt_raise.o ABSOLUTE
    ../clib/angel/scatter.s                  0x00000000   Number         0  __scatter.o ABSOLUTE
    ../clib/angel/startup.s                  0x00000000   Number         0  __main.o ABSOLUTE
    ../clib/angel/sys.s                      0x00000000   Number         0  sys_stackheap_outer.o ABSOLUTE
    ../clib/angel/sys.s                      0x00000000   Number         0  use_no_semi.o ABSOLUTE
    ../clib/angel/sys.s                      0x00000000   Number         0  indicate_semi.o ABSOLUTE
    ../clib/angel/sys.s                      0x00000000   Number         0  libspace.o ABSOLUTE
    ../clib/angel/sysapp.c                   0x00000000   Number         0  sys_command.o ABSOLUTE
    ../clib/angel/sysapp.c                   0x00000000   Number         0  sys_wrch.o ABSOLUTE
    ../clib/angel/sysapp.c                   0x00000000   Number         0  sys_exit.o ABSOLUTE
    ../clib/armsys.c                         0x00000000   Number         0  no_argv.o ABSOLUTE
    ../clib/armsys.c                         0x00000000   Number         0  argv_veneer.o ABSOLUTE
    ../clib/armsys.c                         0x00000000   Number         0  argv_veneer.o ABSOLUTE
    ../clib/armsys.c                         0x00000000   Number         0  _get_argv_nomalloc.o ABSOLUTE
    ../clib/heapalloc.c                      0x00000000   Number         0  hrguard.o ABSOLUTE
    ../clib/heapaux.c                        0x00000000   Number         0  heapauxi.o ABSOLUTE
    ../clib/libinit.s                        0x00000000   Number         0  libshutdown.o ABSOLUTE
    ../clib/libinit.s                        0x00000000   Number         0  libinit2.o ABSOLUTE
    ../clib/libinit.s                        0x00000000   Number         0  libshutdown2.o ABSOLUTE
    ../clib/libinit.s                        0x00000000   Number         0  libinit.o ABSOLUTE
    ../clib/memcpset.s                       0x00000000   Number         0  rt_memclr_w.o ABSOLUTE
    ../clib/signal.c                         0x00000000   Number         0  defsig_stak_inner.o ABSOLUTE
    ../clib/signal.c                         0x00000000   Number         0  defsig_rtred_inner.o ABSOLUTE
    ../clib/signal.c                         0x00000000   Number         0  defsig_fpe_inner.o ABSOLUTE
    ../clib/signal.c                         0x00000000   Number         0  defsig_abrt_inner.o ABSOLUTE
    ../clib/signal.c                         0x00000000   Number         0  defsig_general.o ABSOLUTE
    ../clib/signal.c                         0x00000000   Number         0  __raise.o ABSOLUTE
    ../clib/signal.c                         0x00000000   Number         0  defsig_exit.o ABSOLUTE
    ../clib/signal.c                         0x00000000   Number         0  defsig_rtmem_formal.o ABSOLUTE
    ../clib/signal.c                         0x00000000   Number         0  defsig_rtmem_outer.o ABSOLUTE
    ../clib/signal.c                         0x00000000   Number         0  defsig_other.o ABSOLUTE
    ../clib/signal.c                         0x00000000   Number         0  defsig_rtmem_inner.o ABSOLUTE
    ../clib/signal.c                         0x00000000   Number         0  defsig_segv_inner.o ABSOLUTE
    ../clib/signal.c                         0x00000000   Number         0  defsig_cppl_inner.o ABSOLUTE
    ../clib/signal.c                         0x00000000   Number         0  defsig_pvfn_inner.o ABSOLUTE
    ../clib/signal.s                         0x00000000   Number         0  defsig.o ABSOLUTE
    ../clib/stdlib.c                         0x00000000   Number         0  exit.o ABSOLUTE
    ../fplib/fpinit.s                        0x00000000   Number         0  fpinit.o ABSOLUTE
    ..\Core\Src\main.c                       0x00000000   Number         0  main.o ABSOLUTE
    ..\Core\Src\stm32l4xx_hal_msp.c          0x00000000   Number         0  stm32l4xx_hal_msp.o ABSOLUTE
    ..\Core\Src\stm32l4xx_it.c               0x00000000   Number         0  stm32l4xx_it.o ABSOLUTE
    ..\Core\Src\system_stm32l4xx.c           0x00000000   Number         0  system_stm32l4xx.o ABSOLUTE
    ..\Drivers\STM32L4xx_HAL_Driver\Src\stm32l4xx_hal.c 0x00000000   Number         0  stm32l4xx_hal.o ABSOLUTE
    ..\Drivers\STM32L4xx_HAL_Driver\Src\stm32l4xx_hal_cortex.c 0x00000000   Number         0  stm32l4xx_hal_cortex.o ABSOLUTE
    ..\Drivers\STM32L4xx_HAL_Driver\Src\stm32l4xx_hal_dma.c 0x00000000   Number         0  stm32l4xx_hal_dma.o ABSOLUTE
    ..\Drivers\STM32L4xx_HAL_Driver\Src\stm32l4xx_hal_dma_ex.c 0x00000000   Number         0  stm32l4xx_hal_dma_ex.o ABSOLUTE
    ..\Drivers\STM32L4xx_HAL_Driver\Src\stm32l4xx_hal_exti.c 0x00000000   Number         0  stm32l4xx_hal_exti.o ABSOLUTE
    ..\Drivers\STM32L4xx_HAL_Driver\Src\stm32l4xx_hal_flash.c 0x00000000   Number         0  stm32l4xx_hal_flash.o ABSOLUTE
    ..\Drivers\STM32L4xx_HAL_Driver\Src\stm32l4xx_hal_flash_ex.c 0x00000000   Number         0  stm32l4xx_hal_flash_ex.o ABSOLUTE
    ..\Drivers\STM32L4xx_HAL_Driver\Src\stm32l4xx_hal_flash_ramfunc.c 0x00000000   Number         0  stm32l4xx_hal_flash_ramfunc.o ABSOLUTE
    ..\Drivers\STM32L4xx_HAL_Driver\Src\stm32l4xx_hal_gpio.c 0x00000000   Number         0  stm32l4xx_hal_gpio.o ABSOLUTE
    ..\Drivers\STM32L4xx_HAL_Driver\Src\stm32l4xx_hal_i2c.c 0x00000000   Number         0  stm32l4xx_hal_i2c.o ABSOLUTE
    ..\Drivers\STM32L4xx_HAL_Driver\Src\stm32l4xx_hal_i2c_ex.c 0x00000000   Number         0  stm32l4xx_hal_i2c_ex.o ABSOLUTE
    ..\Drivers\STM32L4xx_HAL_Driver\Src\stm32l4xx_hal_pwr.c 0x00000000   Number         0  stm32l4xx_hal_pwr.o ABSOLUTE
    ..\Drivers\STM32L4xx_HAL_Driver\Src\stm32l4xx_hal_pwr_ex.c 0x00000000   Number         0  stm32l4xx_hal_pwr_ex.o ABSOLUTE
    ..\Drivers\STM32L4xx_HAL_Driver\Src\stm32l4xx_hal_rcc.c 0x00000000   Number         0  stm32l4xx_hal_rcc.o ABSOLUTE
    ..\Drivers\STM32L4xx_HAL_Driver\Src\stm32l4xx_hal_rcc_ex.c 0x00000000   Number         0  stm32l4xx_hal_rcc_ex.o ABSOLUTE
    ..\Drivers\STM32L4xx_HAL_Driver\Src\stm32l4xx_hal_spi.c 0x00000000   Number         0  stm32l4xx_hal_spi.o ABSOLUTE
    ..\Drivers\STM32L4xx_HAL_Driver\Src\stm32l4xx_hal_spi_ex.c 0x00000000   Number         0  stm32l4xx_hal_spi_ex.o ABSOLUTE
    ..\User_libs\icm_20948.c                 0x00000000   Number         0  icm_20948.o ABSOLUTE
    ..\\User_libs\\icm_20948.c               0x00000000   Number         0  icm_20948.o ABSOLUTE
    dc.s                                     0x00000000   Number         0  dc.o ABSOLUTE
    startup_stm32l476xx.s                    0x00000000   Number         0  startup_stm32l476xx.o ABSOLUTE
    RESET                                    0x08000000   Section      392  startup_stm32l476xx.o(RESET)
    !!!main                                  0x08000188   Section        8  __main.o(!!!main)
    !!!scatter                               0x08000190   Section       52  __scatter.o(!!!scatter)
    !!handler_copy                           0x080001c4   Section       26  __scatter_copy.o(!!handler_copy)
    !!handler_zi                             0x080001e0   Section       28  __scatter_zi.o(!!handler_zi)
    .ARM.Collect$$libinit$$00000000          0x080001fc   Section        2  libinit.o(.ARM.Collect$$libinit$$00000000)
    .ARM.Collect$$libinit$$00000001          0x080001fe   Section        4  libinit2.o(.ARM.Collect$$libinit$$00000001)
    .ARM.Collect$$libinit$$00000004          0x08000202   Section        0  libinit2.o(.ARM.Collect$$libinit$$00000004)
    .ARM.Collect$$libinit$$0000000A          0x08000202   Section        0  libinit2.o(.ARM.Collect$$libinit$$0000000A)
    .ARM.Collect$$libinit$$0000000C          0x08000202   Section        0  libinit2.o(.ARM.Collect$$libinit$$0000000C)
    .ARM.Collect$$libinit$$0000000E          0x08000202   Section        0  libinit2.o(.ARM.Collect$$libinit$$0000000E)
    .ARM.Collect$$libinit$$00000011          0x08000202   Section        0  libinit2.o(.ARM.Collect$$libinit$$00000011)
    .ARM.Collect$$libinit$$00000013          0x08000202   Section        0  libinit2.o(.ARM.Collect$$libinit$$00000013)
    .ARM.Collect$$libinit$$00000015          0x08000202   Section        0  libinit2.o(.ARM.Collect$$libinit$$00000015)
    .ARM.Collect$$libinit$$00000017          0x08000202   Section        0  libinit2.o(.ARM.Collect$$libinit$$00000017)
    .ARM.Collect$$libinit$$00000019          0x08000202   Section        0  libinit2.o(.ARM.Collect$$libinit$$00000019)
    .ARM.Collect$$libinit$$0000001B          0x08000202   Section        0  libinit2.o(.ARM.Collect$$libinit$$0000001B)
    .ARM.Collect$$libinit$$0000001D          0x08000202   Section        0  libinit2.o(.ARM.Collect$$libinit$$0000001D)
    .ARM.Collect$$libinit$$0000001F          0x08000202   Section        0  libinit2.o(.ARM.Collect$$libinit$$0000001F)
    .ARM.Collect$$libinit$$00000021          0x08000202   Section        0  libinit2.o(.ARM.Collect$$libinit$$00000021)
    .ARM.Collect$$libinit$$00000023          0x08000202   Section        0  libinit2.o(.ARM.Collect$$libinit$$00000023)
    .ARM.Collect$$libinit$$00000025          0x08000202   Section        0  libinit2.o(.ARM.Collect$$libinit$$00000025)
    .ARM.Collect$$libinit$$0000002C          0x08000202   Section        0  libinit2.o(.ARM.Collect$$libinit$$0000002C)
    .ARM.Collect$$libinit$$0000002E          0x08000202   Section        0  libinit2.o(.ARM.Collect$$libinit$$0000002E)
    .ARM.Collect$$libinit$$00000030          0x08000202   Section        0  libinit2.o(.ARM.Collect$$libinit$$00000030)
    .ARM.Collect$$libinit$$00000032          0x08000202   Section        0  libinit2.o(.ARM.Collect$$libinit$$00000032)
    .ARM.Collect$$libinit$$00000033          0x08000202   Section        2  libinit2.o(.ARM.Collect$$libinit$$00000033)
    .ARM.Collect$$libshutdown$$00000000      0x08000204   Section        2  libshutdown.o(.ARM.Collect$$libshutdown$$00000000)
    .ARM.Collect$$libshutdown$$00000002      0x08000206   Section        0  libshutdown2.o(.ARM.Collect$$libshutdown$$00000002)
    .ARM.Collect$$libshutdown$$00000004      0x08000206   Section        0  libshutdown2.o(.ARM.Collect$$libshutdown$$00000004)
    .ARM.Collect$$libshutdown$$00000007      0x08000206   Section        0  libshutdown2.o(.ARM.Collect$$libshutdown$$00000007)
    .ARM.Collect$$libshutdown$$0000000A      0x08000206   Section        0  libshutdown2.o(.ARM.Collect$$libshutdown$$0000000A)
    .ARM.Collect$$libshutdown$$0000000C      0x08000206   Section        0  libshutdown2.o(.ARM.Collect$$libshutdown$$0000000C)
    .ARM.Collect$$libshutdown$$0000000F      0x08000206   Section        0  libshutdown2.o(.ARM.Collect$$libshutdown$$0000000F)
    .ARM.Collect$$libshutdown$$00000010      0x08000206   Section        2  libshutdown2.o(.ARM.Collect$$libshutdown$$00000010)
    .ARM.Collect$$rtentry$$00000000          0x08000208   Section        0  __rtentry.o(.ARM.Collect$$rtentry$$00000000)
    .ARM.Collect$$rtentry$$00000002          0x08000208   Section        0  __rtentry2.o(.ARM.Collect$$rtentry$$00000002)
    .ARM.Collect$$rtentry$$00000004          0x08000208   Section        6  __rtentry4.o(.ARM.Collect$$rtentry$$00000004)
    .ARM.Collect$$rtentry$$00000009          0x0800020e   Section        0  __rtentry2.o(.ARM.Collect$$rtentry$$00000009)
    .ARM.Collect$$rtentry$$0000000A          0x0800020e   Section        4  __rtentry2.o(.ARM.Collect$$rtentry$$0000000A)
    .ARM.Collect$$rtentry$$0000000C          0x08000212   Section        0  __rtentry2.o(.ARM.Collect$$rtentry$$0000000C)
    .ARM.Collect$$rtentry$$0000000D          0x08000212   Section        8  __rtentry2.o(.ARM.Collect$$rtentry$$0000000D)
    .ARM.Collect$$rtexit$$00000000           0x0800021a   Section        2  rtexit.o(.ARM.Collect$$rtexit$$00000000)
    .ARM.Collect$$rtexit$$00000002           0x0800021c   Section        0  rtexit2.o(.ARM.Collect$$rtexit$$00000002)
    .ARM.Collect$$rtexit$$00000003           0x0800021c   Section        4  rtexit2.o(.ARM.Collect$$rtexit$$00000003)
    .ARM.Collect$$rtexit$$00000004           0x08000220   Section        6  rtexit2.o(.ARM.Collect$$rtexit$$00000004)
    .text                                    0x08000228   Section       64  startup_stm32l476xx.o(.text)
    $v0                                      0x08000228   Number         0  startup_stm32l476xx.o(.text)
    .text                                    0x08000268   Section       78  rt_memclr_w.o(.text)
    .text                                    0x080002b6   Section        0  heapauxi.o(.text)
    .text                                    0x080002bc   Section       74  sys_stackheap_outer.o(.text)
    .text                                    0x08000306   Section        0  exit.o(.text)
    .text                                    0x08000318   Section        8  libspace.o(.text)
    .text                                    0x08000320   Section        0  sys_exit.o(.text)
    .text                                    0x0800032c   Section        2  use_no_semi.o(.text)
    .text                                    0x0800032e   Section        0  indicate_semi.o(.text)
    i.BusFault_Handler                       0x0800032e   Section        0  stm32l4xx_it.o(i.BusFault_Handler)
    i.DMA1_Channel4_IRQHandler               0x08000330   Section        0  stm32l4xx_it.o(i.DMA1_Channel4_IRQHandler)
    i.DMA1_Channel5_IRQHandler               0x0800033c   Section        0  stm32l4xx_it.o(i.DMA1_Channel5_IRQHandler)
    i.DMA_SetConfig                          0x08000348   Section        0  stm32l4xx_hal_dma.o(i.DMA_SetConfig)
    DMA_SetConfig                            0x08000349   Thumb Code    46  stm32l4xx_hal_dma.o(i.DMA_SetConfig)
    i.DebugMon_Handler                       0x08000376   Section        0  stm32l4xx_it.o(i.DebugMon_Handler)
    i.Error_Handler                          0x08000378   Section        0  main.o(i.Error_Handler)
    i.HAL_DMA_Abort_IT                       0x0800037c   Section        0  stm32l4xx_hal_dma.o(i.HAL_DMA_Abort_IT)
    i.HAL_DMA_IRQHandler                     0x080003cc   Section        0  stm32l4xx_hal_dma.o(i.HAL_DMA_IRQHandler)
    i.HAL_DMA_Init                           0x080004a0   Section        0  stm32l4xx_hal_dma.o(i.HAL_DMA_Init)
    i.HAL_DMA_Start_IT                       0x08000564   Section        0  stm32l4xx_hal_dma.o(i.HAL_DMA_Start_IT)
    i.HAL_Delay                              0x080005d8   Section        0  stm32l4xx_hal.o(i.HAL_Delay)
    i.HAL_GPIO_Init                          0x080005fc   Section        0  stm32l4xx_hal_gpio.o(i.HAL_GPIO_Init)
    i.HAL_GPIO_WritePin                      0x0800081a   Section        0  stm32l4xx_hal_gpio.o(i.HAL_GPIO_WritePin)
    i.HAL_GetTick                            0x08000824   Section        0  stm32l4xx_hal.o(i.HAL_GetTick)
    i.HAL_IncTick                            0x08000830   Section        0  stm32l4xx_hal.o(i.HAL_IncTick)
    i.HAL_Init                               0x08000840   Section        0  stm32l4xx_hal.o(i.HAL_Init)
    i.HAL_InitTick                           0x08000860   Section        0  stm32l4xx_hal.o(i.HAL_InitTick)
    i.HAL_MspInit                            0x080008a4   Section        0  stm32l4xx_hal_msp.o(i.HAL_MspInit)
    i.HAL_NVIC_EnableIRQ                     0x080008d0   Section        0  stm32l4xx_hal_cortex.o(i.HAL_NVIC_EnableIRQ)
    i.HAL_NVIC_SetPriority                   0x080008ec   Section        0  stm32l4xx_hal_cortex.o(i.HAL_NVIC_SetPriority)
    i.HAL_NVIC_SetPriorityGrouping           0x0800092c   Section        0  stm32l4xx_hal_cortex.o(i.HAL_NVIC_SetPriorityGrouping)
    i.HAL_PWREx_ControlVoltageScaling        0x08000950   Section        0  stm32l4xx_hal_pwr_ex.o(i.HAL_PWREx_ControlVoltageScaling)
    i.HAL_PWREx_GetVoltageRange              0x080009b8   Section        0  stm32l4xx_hal_pwr_ex.o(i.HAL_PWREx_GetVoltageRange)
    i.HAL_RCC_ClockConfig                    0x080009c8   Section        0  stm32l4xx_hal_rcc.o(i.HAL_RCC_ClockConfig)
    i.HAL_RCC_GetSysClockFreq                0x08000b0c   Section        0  stm32l4xx_hal_rcc.o(i.HAL_RCC_GetSysClockFreq)
    i.HAL_RCC_OscConfig                      0x08000bb0   Section        0  stm32l4xx_hal_rcc.o(i.HAL_RCC_OscConfig)
    i.HAL_SPI_ErrorCallback                  0x080010c8   Section        0  stm32l4xx_hal_spi.o(i.HAL_SPI_ErrorCallback)
    i.HAL_SPI_IRQHandler                     0x080010cc   Section        0  stm32l4xx_hal_spi.o(i.HAL_SPI_IRQHandler)
    i.HAL_SPI_Init                           0x080011c8   Section        0  stm32l4xx_hal_spi.o(i.HAL_SPI_Init)
    i.HAL_SPI_MspInit                        0x080012a8   Section        0  stm32l4xx_hal_msp.o(i.HAL_SPI_MspInit)
    i.HAL_SPI_Receive                        0x080013ac   Section        0  stm32l4xx_hal_spi.o(i.HAL_SPI_Receive)
    i.HAL_SPI_Receive_DMA                    0x08001530   Section        0  stm32l4xx_hal_spi.o(i.HAL_SPI_Receive_DMA)
    i.HAL_SPI_RxCpltCallback                 0x08001688   Section        0  icm_20948.o(i.HAL_SPI_RxCpltCallback)
    i.HAL_SPI_RxHalfCpltCallback             0x080016a4   Section        0  stm32l4xx_hal_spi.o(i.HAL_SPI_RxHalfCpltCallback)
    i.HAL_SPI_Transmit                       0x080016a6   Section        0  stm32l4xx_hal_spi.o(i.HAL_SPI_Transmit)
    i.HAL_SPI_TransmitReceive                0x0800183a   Section        0  stm32l4xx_hal_spi.o(i.HAL_SPI_TransmitReceive)
    i.HAL_SPI_TransmitReceive_DMA            0x08001ab4   Section        0  stm32l4xx_hal_spi.o(i.HAL_SPI_TransmitReceive_DMA)
    i.HAL_SPI_TxRxCpltCallback               0x08001c68   Section        0  stm32l4xx_hal_spi.o(i.HAL_SPI_TxRxCpltCallback)
    i.HAL_SPI_TxRxHalfCpltCallback           0x08001c6a   Section        0  stm32l4xx_hal_spi.o(i.HAL_SPI_TxRxHalfCpltCallback)
    i.HAL_SYSTICK_Config                     0x08001c6c   Section        0  stm32l4xx_hal_cortex.o(i.HAL_SYSTICK_Config)
    i.HardFault_Handler                      0x08001c94   Section        0  stm32l4xx_it.o(i.HardFault_Handler)
    i.MX_GPIO_Init                           0x08001c98   Section        0  main.o(i.MX_GPIO_Init)
    MX_GPIO_Init                             0x08001c99   Thumb Code   100  main.o(i.MX_GPIO_Init)
    i.MX_SPI2_Init                           0x08001d04   Section        0  main.o(i.MX_SPI2_Init)
    MX_SPI2_Init                             0x08001d05   Thumb Code    68  main.o(i.MX_SPI2_Init)
    i.MemManage_Handler                      0x08001d50   Section        0  stm32l4xx_it.o(i.MemManage_Handler)
    i.NMI_Handler                            0x08001d52   Section        0  stm32l4xx_it.o(i.NMI_Handler)
    i.PendSV_Handler                         0x08001d54   Section        0  stm32l4xx_it.o(i.PendSV_Handler)
    i.RCC_SetFlashLatencyFromMSIRange        0x08001d58   Section        0  stm32l4xx_hal_rcc.o(i.RCC_SetFlashLatencyFromMSIRange)
    RCC_SetFlashLatencyFromMSIRange          0x08001d59   Thumb Code   116  stm32l4xx_hal_rcc.o(i.RCC_SetFlashLatencyFromMSIRange)
    i.SPI2_IRQHandler                        0x08001dd4   Section        0  stm32l4xx_it.o(i.SPI2_IRQHandler)
    i.SPI_DMAAbortOnError                    0x08001de0   Section        0  stm32l4xx_hal_spi.o(i.SPI_DMAAbortOnError)
    SPI_DMAAbortOnError                      0x08001de1   Thumb Code    18  stm32l4xx_hal_spi.o(i.SPI_DMAAbortOnError)
    i.SPI_DMAError                           0x08001df2   Section        0  stm32l4xx_hal_spi.o(i.SPI_DMAError)
    SPI_DMAError                             0x08001df3   Thumb Code    34  stm32l4xx_hal_spi.o(i.SPI_DMAError)
    i.SPI_DMAHalfReceiveCplt                 0x08001e14   Section        0  stm32l4xx_hal_spi.o(i.SPI_DMAHalfReceiveCplt)
    SPI_DMAHalfReceiveCplt                   0x08001e15   Thumb Code    10  stm32l4xx_hal_spi.o(i.SPI_DMAHalfReceiveCplt)
    i.SPI_DMAHalfTransmitReceiveCplt         0x08001e1e   Section        0  stm32l4xx_hal_spi.o(i.SPI_DMAHalfTransmitReceiveCplt)
    SPI_DMAHalfTransmitReceiveCplt           0x08001e1f   Thumb Code    10  stm32l4xx_hal_spi.o(i.SPI_DMAHalfTransmitReceiveCplt)
    i.SPI_DMAReceiveCplt                     0x08001e28   Section        0  stm32l4xx_hal_spi.o(i.SPI_DMAReceiveCplt)
    SPI_DMAReceiveCplt                       0x08001e29   Thumb Code   108  stm32l4xx_hal_spi.o(i.SPI_DMAReceiveCplt)
    i.SPI_DMATransmitReceiveCplt             0x08001e94   Section        0  stm32l4xx_hal_spi.o(i.SPI_DMATransmitReceiveCplt)
    SPI_DMATransmitReceiveCplt               0x08001e95   Thumb Code    92  stm32l4xx_hal_spi.o(i.SPI_DMATransmitReceiveCplt)
    i.SPI_EndRxTransaction                   0x08001ef0   Section        0  stm32l4xx_hal_spi.o(i.SPI_EndRxTransaction)
    SPI_EndRxTransaction                     0x08001ef1   Thumb Code   116  stm32l4xx_hal_spi.o(i.SPI_EndRxTransaction)
    i.SPI_EndRxTxTransaction                 0x08001f64   Section        0  stm32l4xx_hal_spi.o(i.SPI_EndRxTxTransaction)
    SPI_EndRxTxTransaction                   0x08001f65   Thumb Code    72  stm32l4xx_hal_spi.o(i.SPI_EndRxTxTransaction)
    i.SPI_WaitFifoStateUntilTimeout          0x08001fac   Section        0  stm32l4xx_hal_spi.o(i.SPI_WaitFifoStateUntilTimeout)
    SPI_WaitFifoStateUntilTimeout            0x08001fad   Thumb Code   220  stm32l4xx_hal_spi.o(i.SPI_WaitFifoStateUntilTimeout)
    i.SPI_WaitFlagStateUntilTimeout          0x08002094   Section        0  stm32l4xx_hal_spi.o(i.SPI_WaitFlagStateUntilTimeout)
    SPI_WaitFlagStateUntilTimeout            0x08002095   Thumb Code   182  stm32l4xx_hal_spi.o(i.SPI_WaitFlagStateUntilTimeout)
    i.SVC_Handler                            0x08002150   Section        0  stm32l4xx_it.o(i.SVC_Handler)
    i.SysTick_Handler                        0x08002152   Section        0  stm32l4xx_it.o(i.SysTick_Handler)
    i.SystemClock_Config                     0x08002156   Section        0  main.o(i.SystemClock_Config)
    i.SystemInit                             0x080021c8   Section        0  system_stm32l4xx.o(i.SystemInit)
    i.UsageFault_Handler                     0x080021d8   Section        0  stm32l4xx_it.o(i.UsageFault_Handler)
    i.__NVIC_SetPriority                     0x080021da   Section        0  stm32l4xx_hal_cortex.o(i.__NVIC_SetPriority)
    __NVIC_SetPriority                       0x080021db   Thumb Code    32  stm32l4xx_hal_cortex.o(i.__NVIC_SetPriority)
    i.activate_imu                           0x080021fc   Section        0  icm_20948.o(i.activate_imu)
    activate_imu                             0x080021fd   Thumb Code    10  icm_20948.o(i.activate_imu)
    i.ak09916_mag_init                       0x0800220c   Section        0  icm_20948.o(i.ak09916_mag_init)
    ak09916_mag_init                         0x0800220d   Thumb Code   178  icm_20948.o(i.ak09916_mag_init)
    i.ak09916_write_reg                      0x080022be   Section        0  icm_20948.o(i.ak09916_write_reg)
    ak09916_write_reg                        0x080022bf   Thumb Code    62  icm_20948.o(i.ak09916_write_reg)
    i.deactivate_imu                         0x080022fc   Section        0  icm_20948.o(i.deactivate_imu)
    deactivate_imu                           0x080022fd   Thumb Code    10  icm_20948.o(i.deactivate_imu)
    i.icm_20948_init                         0x0800230c   Section        0  icm_20948.o(i.icm_20948_init)
    i.icm_20948_process                      0x080023a4   Section        0  icm_20948.o(i.icm_20948_process)
    i.icm_20948_read_data                    0x080023d4   Section        0  icm_20948.o(i.icm_20948_read_data)
    i.icm_20948_read_reg                     0x0800241c   Section        0  icm_20948.o(i.icm_20948_read_reg)
    i.icm_20948_start_read                   0x08002454   Section        0  icm_20948.o(i.icm_20948_start_read)
    i.icm_20948_write_reg                    0x080024a4   Section        0  icm_20948.o(i.icm_20948_write_reg)
    i.main                                   0x080024d0   Section        0  main.o(i.main)
    i.sel_user_bank                          0x08002544   Section        0  icm_20948.o(i.sel_user_bank)
    sel_user_bank                            0x08002545   Thumb Code    46  icm_20948.o(i.sel_user_bank)
    x$fpl$fpinit                             0x08002578   Section       10  fpinit.o(x$fpl$fpinit)
    $v0                                      0x08002578   Number         0  fpinit.o(x$fpl$fpinit)
    .constdata                               0x08002584   Section       64  system_stm32l4xx.o(.constdata)
    .data                                    0x20000000   Section       12  stm32l4xx_hal.o(.data)
    .data                                    0x2000000c   Section        4  system_stm32l4xx.o(.data)
    .data                                    0x20000010   Section        8  icm_20948.o(.data)
    read_start_tick                          0x20000014   Data           4  icm_20948.o(.data)
    .bss                                     0x20000018   Section      120  main.o(.bss)
    .bss                                     0x20000090   Section       72  main.o(.bss)
    .bss                                     0x200000d8   Section       72  main.o(.bss)
    .bss                                     0x20000120   Section       20  icm_20948.o(.bss)
    data_rx                                  0x20000120   Data          20  icm_20948.o(.bss)
    .bss                                     0x20000134   Section       96  libspace.o(.bss)
    HEAP                                     0x20000198   Section      512  startup_stm32l476xx.o(HEAP)
    Heap_Mem                                 0x20000198   Data         512  startup_stm32l476xx.o(HEAP)
    STACK                                    0x20000398   Section     1024  startup_stm32l476xx.o(STACK)
    Stack_Mem                                0x20000398   Data        1024  startup_stm32l476xx.o(STACK)
    __initial_sp                             0x20000798   Data           0  startup_stm32l476xx.o(STACK)

    Global Symbols

    Symbol Name                              Value     Ov Type        Size  Object(Section)

    BuildAttributes$$THM_ISAv4$E$P$D$K$B$S$7EM$VFPi3$EXTD16$VFPS$VFMA$PE$A:L22UL41UL21$X:L11$S22US41US21$IEEE1$IW$USESV6$~STKCKD$USESV7$~SHL$OSPACE$ROPI$EBA8$UX$STANDARDLIB$REQ8$PRES8$EABIv2 0x00000000   Number         0  anon$$obj.o ABSOLUTE
    __ARM_use_no_argv                        0x00000000   Number         0  main.o ABSOLUTE
    __ARM_exceptions_init                     - Undefined Weak Reference
    __alloca_initialize                       - Undefined Weak Reference
    __arm_preinit_                            - Undefined Weak Reference
    __cpp_initialize__aeabi_                  - Undefined Weak Reference
    __cxa_finalize                            - Undefined Weak Reference
    __rt_locale                               - Undefined Weak Reference
    __sigvec_lookup                           - Undefined Weak Reference
    _atexit_init                              - Undefined Weak Reference
    _call_atexit_fns                          - Undefined Weak Reference
    _clock_init                               - Undefined Weak Reference
    _fp_trap_init                             - Undefined Weak Reference
    _fp_trap_shutdown                         - Undefined Weak Reference
    _get_lc_collate                           - Undefined Weak Reference
    _get_lc_ctype                             - Undefined Weak Reference
    _get_lc_monetary                          - Undefined Weak Reference
    _get_lc_numeric                           - Undefined Weak Reference
    _get_lc_time                              - Undefined Weak Reference
    _getenv_init                              - Undefined Weak Reference
    _handle_redirection                       - Undefined Weak Reference
    _init_alloc                               - Undefined Weak Reference
    _init_user_alloc                          - Undefined Weak Reference
    _initio                                   - Undefined Weak Reference
    _rand_init                                - Undefined Weak Reference
    _signal_finish                            - Undefined Weak Reference
    _signal_init                              - Undefined Weak Reference
    _terminate_alloc                          - Undefined Weak Reference
    _terminate_user_alloc                     - Undefined Weak Reference
    _terminateio                              - Undefined Weak Reference
    __Vectors_Size                           0x00000188   Number         0  startup_stm32l476xx.o ABSOLUTE
    __Vectors                                0x08000000   Data           4  startup_stm32l476xx.o(RESET)
    __Vectors_End                            0x08000188   Data           0  startup_stm32l476xx.o(RESET)
    __main                                   0x08000189   Thumb Code     8  __main.o(!!!main)
    __scatterload                            0x08000191   Thumb Code     0  __scatter.o(!!!scatter)
    __scatterload_rt2                        0x08000191   Thumb Code    44  __scatter.o(!!!scatter)
    __scatterload_rt2_thumb_only             0x08000191   Thumb Code     0  __scatter.o(!!!scatter)
    __scatterload_null                       0x0800019f   Thumb Code     0  __scatter.o(!!!scatter)
    __scatterload_copy                       0x080001c5   Thumb Code    26  __scatter_copy.o(!!handler_copy)
    __scatterload_zeroinit                   0x080001e1   Thumb Code    28  __scatter_zi.o(!!handler_zi)
    __rt_lib_init                            0x080001fd   Thumb Code     0  libinit.o(.ARM.Collect$$libinit$$00000000)
    __rt_lib_init_fp_1                       0x080001ff   Thumb Code     0  libinit2.o(.ARM.Collect$$libinit$$00000001)
    __rt_lib_init_alloca_1                   0x08000203   Thumb Code     0  libinit2.o(.ARM.Collect$$libinit$$0000002E)
    __rt_lib_init_argv_1                     0x08000203   Thumb Code     0  libinit2.o(.ARM.Collect$$libinit$$0000002C)
    __rt_lib_init_atexit_1                   0x08000203   Thumb Code     0  libinit2.o(.ARM.Collect$$libinit$$0000001B)
    __rt_lib_init_clock_1                    0x08000203   Thumb Code     0  libinit2.o(.ARM.Collect$$libinit$$00000021)
    __rt_lib_init_cpp_1                      0x08000203   Thumb Code     0  libinit2.o(.ARM.Collect$$libinit$$00000032)
    __rt_lib_init_exceptions_1               0x08000203   Thumb Code     0  libinit2.o(.ARM.Collect$$libinit$$00000030)
    __rt_lib_init_fp_trap_1                  0x08000203   Thumb Code     0  libinit2.o(.ARM.Collect$$libinit$$0000001F)
    __rt_lib_init_getenv_1                   0x08000203   Thumb Code     0  libinit2.o(.ARM.Collect$$libinit$$00000023)
    __rt_lib_init_heap_1                     0x08000203   Thumb Code     0  libinit2.o(.ARM.Collect$$libinit$$0000000A)
    __rt_lib_init_lc_collate_1               0x08000203   Thumb Code     0  libinit2.o(.ARM.Collect$$libinit$$00000011)
    __rt_lib_init_lc_ctype_1                 0x08000203   Thumb Code     0  libinit2.o(.ARM.Collect$$libinit$$00000013)
    __rt_lib_init_lc_monetary_1              0x08000203   Thumb Code     0  libinit2.o(.ARM.Collect$$libinit$$00000015)
    __rt_lib_init_lc_numeric_1               0x08000203   Thumb Code     0  libinit2.o(.ARM.Collect$$libinit$$00000017)
    __rt_lib_init_lc_time_1                  0x08000203   Thumb Code     0  libinit2.o(.ARM.Collect$$libinit$$00000019)
    __rt_lib_init_preinit_1                  0x08000203   Thumb Code     0  libinit2.o(.ARM.Collect$$libinit$$00000004)
    __rt_lib_init_rand_1                     0x08000203   Thumb Code     0  libinit2.o(.ARM.Collect$$libinit$$0000000E)
    __rt_lib_init_return                     0x08000203   Thumb Code     0  libinit2.o(.ARM.Collect$$libinit$$00000033)
    __rt_lib_init_signal_1                   0x08000203   Thumb Code     0  libinit2.o(.ARM.Collect$$libinit$$0000001D)
    __rt_lib_init_stdio_1                    0x08000203   Thumb Code     0  libinit2.o(.ARM.Collect$$libinit$$00000025)
    __rt_lib_init_user_alloc_1               0x08000203   Thumb Code     0  libinit2.o(.ARM.Collect$$libinit$$0000000C)
    __rt_lib_shutdown                        0x08000205   Thumb Code     0  libshutdown.o(.ARM.Collect$$libshutdown$$00000000)
    __rt_lib_shutdown_cpp_1                  0x08000207   Thumb Code     0  libshutdown2.o(.ARM.Collect$$libshutdown$$00000002)
    __rt_lib_shutdown_fp_trap_1              0x08000207   Thumb Code     0  libshutdown2.o(.ARM.Collect$$libshutdown$$00000007)
    __rt_lib_shutdown_heap_1                 0x08000207   Thumb Code     0  libshutdown2.o(.ARM.Collect$$libshutdown$$0000000F)
    __rt_lib_shutdown_return                 0x08000207   Thumb Code     0  libshutdown2.o(.ARM.Collect$$libshutdown$$00000010)
    __rt_lib_shutdown_signal_1               0x08000207   Thumb Code     0  libshutdown2.o(.ARM.Collect$$libshutdown$$0000000A)
    __rt_lib_shutdown_stdio_1                0x08000207   Thumb Code     0  libshutdown2.o(.ARM.Collect$$libshutdown$$00000004)
    __rt_lib_shutdown_user_alloc_1           0x08000207   Thumb Code     0  libshutdown2.o(.ARM.Collect$$libshutdown$$0000000C)
    __rt_entry                               0x08000209   Thumb Code     0  __rtentry.o(.ARM.Collect$$rtentry$$00000000)
    __rt_entry_presh_1                       0x08000209   Thumb Code     0  __rtentry2.o(.ARM.Collect$$rtentry$$00000002)
    __rt_entry_sh                            0x08000209   Thumb Code     0  __rtentry4.o(.ARM.Collect$$rtentry$$00000004)
    __rt_entry_li                            0x0800020f   Thumb Code     0  __rtentry2.o(.ARM.Collect$$rtentry$$0000000A)
    __rt_entry_postsh_1                      0x0800020f   Thumb Code     0  __rtentry2.o(.ARM.Collect$$rtentry$$00000009)
    __rt_entry_main                          0x08000213   Thumb Code     0  __rtentry2.o(.ARM.Collect$$rtentry$$0000000D)
    __rt_entry_postli_1                      0x08000213   Thumb Code     0  __rtentry2.o(.ARM.Collect$$rtentry$$0000000C)
    __rt_exit                                0x0800021b   Thumb Code     0  rtexit.o(.ARM.Collect$$rtexit$$00000000)
    __rt_exit_ls                             0x0800021d   Thumb Code     0  rtexit2.o(.ARM.Collect$$rtexit$$00000003)
    __rt_exit_prels_1                        0x0800021d   Thumb Code     0  rtexit2.o(.ARM.Collect$$rtexit$$00000002)
    __rt_exit_exit                           0x08000221   Thumb Code     0  rtexit2.o(.ARM.Collect$$rtexit$$00000004)
    Reset_Handler                            0x08000229   Thumb Code     8  startup_stm32l476xx.o(.text)
    ADC1_2_IRQHandler                        0x08000243   Thumb Code     0  startup_stm32l476xx.o(.text)
    ADC3_IRQHandler                          0x08000243   Thumb Code     0  startup_stm32l476xx.o(.text)
    CAN1_RX0_IRQHandler                      0x08000243   Thumb Code     0  startup_stm32l476xx.o(.text)
    CAN1_RX1_IRQHandler                      0x08000243   Thumb Code     0  startup_stm32l476xx.o(.text)
    CAN1_SCE_IRQHandler                      0x08000243   Thumb Code     0  startup_stm32l476xx.o(.text)
    CAN1_TX_IRQHandler                       0x08000243   Thumb Code     0  startup_stm32l476xx.o(.text)
    COMP_IRQHandler                          0x08000243   Thumb Code     0  startup_stm32l476xx.o(.text)
    DFSDM1_FLT0_IRQHandler                   0x08000243   Thumb Code     0  startup_stm32l476xx.o(.text)
    DFSDM1_FLT1_IRQHandler                   0x08000243   Thumb Code     0  startup_stm32l476xx.o(.text)
    DFSDM1_FLT2_IRQHandler                   0x08000243   Thumb Code     0  startup_stm32l476xx.o(.text)
    DFSDM1_FLT3_IRQHandler                   0x08000243   Thumb Code     0  startup_stm32l476xx.o(.text)
    DMA1_Channel1_IRQHandler                 0x08000243   Thumb Code     0  startup_stm32l476xx.o(.text)
    DMA1_Channel2_IRQHandler                 0x08000243   Thumb Code     0  startup_stm32l476xx.o(.text)
    DMA1_Channel3_IRQHandler                 0x08000243   Thumb Code     0  startup_stm32l476xx.o(.text)
    DMA1_Channel6_IRQHandler                 0x08000243   Thumb Code     0  startup_stm32l476xx.o(.text)
    DMA1_Channel7_IRQHandler                 0x08000243   Thumb Code     0  startup_stm32l476xx.o(.text)
    DMA2_Channel1_IRQHandler                 0x08000243   Thumb Code     0  startup_stm32l476xx.o(.text)
    DMA2_Channel2_IRQHandler                 0x08000243   Thumb Code     0  startup_stm32l476xx.o(.text)
    DMA2_Channel3_IRQHandler                 0x08000243   Thumb Code     0  startup_stm32l476xx.o(.text)
    DMA2_Channel4_IRQHandler                 0x08000243   Thumb Code     0  startup_stm32l476xx.o(.text)
    DMA2_Channel5_IRQHandler                 0x08000243   Thumb Code     0  startup_stm32l476xx.o(.text)
    DMA2_Channel6_IRQHandler                 0x08000243   Thumb Code     0  startup_stm32l476xx.o(.text)
    DMA2_Channel7_IRQHandler                 0x08000243   Thumb Code     0  startup_stm32l476xx.o(.text)
    EXTI0_IRQHandler                         0x08000243   Thumb Code     0  startup_stm32l476xx.o(.text)
    EXTI15_10_IRQHandler                     0x08000243   Thumb Code     0  startup_stm32l476xx.o(.text)
    EXTI1_IRQHandler                         0x08000243   Thumb Code     0  startup_stm32l476xx.o(.text)
    EXTI2_IRQHandler                         0x08000243   Thumb Code     0  startup_stm32l476xx.o(.text)
    EXTI3_IRQHandler                         0x08000243   Thumb Code     0  startup_stm32l476xx.o(.text)
    EXTI4_IRQHandler                         0x08000243   Thumb Code     0  startup_stm32l476xx.o(.text)
    EXTI9_5_IRQHandler                       0x08000243   Thumb Code     0  startup_stm32l476xx.o(.text)
    FLASH_IRQHandler                         0x08000243   Thumb Code     0  startup_stm32l476xx.o(.text)
    FMC_IRQHandler                           0x08000243   Thumb Code     0  startup_stm32l476xx.o(.text)
    FPU_IRQHandler                           0x08000243   Thumb Code     0  startup_stm32l476xx.o(.text)
    I2C1_ER_IRQHandler                       0x08000243   Thumb Code     0  startup_stm32l476xx.o(.text)
    I2C1_EV_IRQHandler                       0x08000243   Thumb Code     0  startup_stm32l476xx.o(.text)
    I2C2_ER_IRQHandler                       0x08000243   Thumb Code     0  startup_stm32l476xx.o(.text)
    I2C2_EV_IRQHandler                       0x08000243   Thumb Code     0  startup_stm32l476xx.o(.text)
    I2C3_ER_IRQHandler                       0x08000243   Thumb Code     0  startup_stm32l476xx.o(.text)
    I2C3_EV_IRQHandler                       0x08000243   Thumb Code     0  startup_stm32l476xx.o(.text)
    LCD_IRQHandler                           0x08000243   Thumb Code     0  startup_stm32l476xx.o(.text)
    LPTIM1_IRQHandler                        0x08000243   Thumb Code     0  startup_stm32l476xx.o(.text)
    LPTIM2_IRQHandler                        0x08000243   Thumb Code     0  startup_stm32l476xx.o(.text)
    LPUART1_IRQHandler                       0x08000243   Thumb Code     0  startup_stm32l476xx.o(.text)
    OTG_FS_IRQHandler                        0x08000243   Thumb Code     0  startup_stm32l476xx.o(.text)
    PVD_PVM_IRQHandler                       0x08000243   Thumb Code     0  startup_stm32l476xx.o(.text)
    QUADSPI_IRQHandler                       0x08000243   Thumb Code     0  startup_stm32l476xx.o(.text)
    RCC_IRQHandler                           0x08000243   Thumb Code     0  startup_stm32l476xx.o(.text)
    RNG_IRQHandler                           0x08000243   Thumb Code     0  startup_stm32l476xx.o(.text)
    RTC_Alarm_IRQHandler                     0x08000243   Thumb Code     0  startup_stm32l476xx.o(.text)
    RTC_WKUP_IRQHandler                      0x08000243   Thumb Code     0  startup_stm32l476xx.o(.text)
    SAI1_IRQHandler                          0x08000243   Thumb Code     0  startup_stm32l476xx.o(.text)
    SAI2_IRQHandler                          0x08000243   Thumb Code     0  startup_stm32l476xx.o(.text)
    SDMMC1_IRQHandler                        0x08000243   Thumb Code     0  startup_stm32l476xx.o(.text)
    SPI1_IRQHandler                          0x08000243   Thumb Code     0  startup_stm32l476xx.o(.text)
    SPI3_IRQHandler                          0x08000243   Thumb Code     0  startup_stm32l476xx.o(.text)
    SWPMI1_IRQHandler                        0x08000243   Thumb Code     0  startup_stm32l476xx.o(.text)
    TAMP_STAMP_IRQHandler                    0x08000243   Thumb Code     0  startup_stm32l476xx.o(.text)
    TIM1_BRK_TIM15_IRQHandler                0x08000243   Thumb Code     0  startup_stm32l476xx.o(.text)
    TIM1_CC_IRQHandler                       0x08000243   Thumb Code     0  startup_stm32l476xx.o(.text)
    TIM1_TRG_COM_TIM17_IRQHandler            0x08000243   Thumb Code     0  startup_stm32l476xx.o(.text)
    TIM1_UP_TIM16_IRQHandler                 0x08000243   Thumb Code     0  startup_stm32l476xx.o(.text)
    TIM2_IRQHandler                          0x08000243   Thumb Code     0  startup_stm32l476xx.o(.text)
    TIM3_IRQHandler                          0x08000243   Thumb Code     0  startup_stm32l476xx.o(.text)
    TIM4_IRQHandler                          0x08000243   Thumb Code     0  startup_stm32l476xx.o(.text)
    TIM5_IRQHandler                          0x08000243   Thumb Code     0  startup_stm32l476xx.o(.text)
    TIM6_DAC_IRQHandler                      0x08000243   Thumb Code     0  startup_stm32l476xx.o(.text)
    TIM7_IRQHandler                          0x08000243   Thumb Code     0  startup_stm32l476xx.o(.text)
    TIM8_BRK_IRQHandler                      0x08000243   Thumb Code     0  startup_stm32l476xx.o(.text)
    TIM8_CC_IRQHandler                       0x08000243   Thumb Code     0  startup_stm32l476xx.o(.text)
    TIM8_TRG_COM_IRQHandler                  0x08000243   Thumb Code     0  startup_stm32l476xx.o(.text)
    TIM8_UP_IRQHandler                       0x08000243   Thumb Code     0  startup_stm32l476xx.o(.text)
    TSC_IRQHandler                           0x08000243   Thumb Code     0  startup_stm32l476xx.o(.text)
    UART4_IRQHandler                         0x08000243   Thumb Code     0  startup_stm32l476xx.o(.text)
    UART5_IRQHandler                         0x08000243   Thumb Code     0  startup_stm32l476xx.o(.text)
    USART1_IRQHandler                        0x08000243   Thumb Code     0  startup_stm32l476xx.o(.text)
    USART2_IRQHandler                        0x08000243   Thumb Code     0  startup_stm32l476xx.o(.text)
    USART3_IRQHandler                        0x08000243   Thumb Code     0  startup_stm32l476xx.o(.text)
    WWDG_IRQHandler                          0x08000243   Thumb Code     0  startup_stm32l476xx.o(.text)
    __user_initial_stackheap                 0x08000245   Thumb Code     0  startup_stm32l476xx.o(.text)
    __aeabi_memclr4                          0x08000269   Thumb Code     0  rt_memclr_w.o(.text)
    __aeabi_memclr8                          0x08000269   Thumb Code     0  rt_memclr_w.o(.text)
    __rt_memclr_w                            0x08000269   Thumb Code    78  rt_memclr_w.o(.text)
    _memset_w                                0x0800026d   Thumb Code     0  rt_memclr_w.o(.text)
    __use_two_region_memory                  0x080002b7   Thumb Code     2  heapauxi.o(.text)
    __rt_heap_escrow$2region                 0x080002b9   Thumb Code     2  heapauxi.o(.text)
    __rt_heap_expand$2region                 0x080002bb   Thumb Code     2  heapauxi.o(.text)
    __user_setup_stackheap                   0x080002bd   Thumb Code    74  sys_stackheap_outer.o(.text)
    exit                                     0x08000307   Thumb Code    18  exit.o(.text)
    __user_libspace                          0x08000319   Thumb Code     8  libspace.o(.text)
    __user_perproc_libspace                  0x08000319   Thumb Code     0  libspace.o(.text)
    __user_perthread_libspace                0x08000319   Thumb Code     0  libspace.o(.text)
    _sys_exit                                0x08000321   Thumb Code     8  sys_exit.o(.text)
    __I$use$semihosting                      0x0800032d   Thumb Code     0  use_no_semi.o(.text)
    __use_no_semihosting_swi                 0x0800032d   Thumb Code     2  use_no_semi.o(.text)
    BusFault_Handler                         0x0800032f   Thumb Code     2  stm32l4xx_it.o(i.BusFault_Handler)
    __semihosting_library_function           0x0800032f   Thumb Code     0  indicate_semi.o(.text)
    DMA1_Channel4_IRQHandler                 0x08000331   Thumb Code     6  stm32l4xx_it.o(i.DMA1_Channel4_IRQHandler)
    DMA1_Channel5_IRQHandler                 0x0800033d   Thumb Code     6  stm32l4xx_it.o(i.DMA1_Channel5_IRQHandler)
    DebugMon_Handler                         0x08000377   Thumb Code     2  stm32l4xx_it.o(i.DebugMon_Handler)
    Error_Handler                            0x08000379   Thumb Code     4  main.o(i.Error_Handler)
    HAL_DMA_Abort_IT                         0x0800037d   Thumb Code    78  stm32l4xx_hal_dma.o(i.HAL_DMA_Abort_IT)
    HAL_DMA_IRQHandler                       0x080003cd   Thumb Code   204  stm32l4xx_hal_dma.o(i.HAL_DMA_IRQHandler)
    HAL_DMA_Init                             0x080004a1   Thumb Code   184  stm32l4xx_hal_dma.o(i.HAL_DMA_Init)
    HAL_DMA_Start_IT                         0x08000565   Thumb Code   116  stm32l4xx_hal_dma.o(i.HAL_DMA_Start_IT)
    HAL_Delay                                0x080005d9   Thumb Code    32  stm32l4xx_hal.o(i.HAL_Delay)
    HAL_GPIO_Init                            0x080005fd   Thumb Code   500  stm32l4xx_hal_gpio.o(i.HAL_GPIO_Init)
    HAL_GPIO_WritePin                        0x0800081b   Thumb Code    10  stm32l4xx_hal_gpio.o(i.HAL_GPIO_WritePin)
    HAL_GetTick                              0x08000825   Thumb Code     6  stm32l4xx_hal.o(i.HAL_GetTick)
    HAL_IncTick                              0x08000831   Thumb Code    12  stm32l4xx_hal.o(i.HAL_IncTick)
    HAL_Init                                 0x08000841   Thumb Code    30  stm32l4xx_hal.o(i.HAL_Init)
    HAL_InitTick                             0x08000861   Thumb Code    58  stm32l4xx_hal.o(i.HAL_InitTick)
    HAL_MspInit                              0x080008a5   Thumb Code    38  stm32l4xx_hal_msp.o(i.HAL_MspInit)
    HAL_NVIC_EnableIRQ                       0x080008d1   Thumb Code    26  stm32l4xx_hal_cortex.o(i.HAL_NVIC_EnableIRQ)
    HAL_NVIC_SetPriority                     0x080008ed   Thumb Code    60  stm32l4xx_hal_cortex.o(i.HAL_NVIC_SetPriority)
    HAL_NVIC_SetPriorityGrouping             0x0800092d   Thumb Code    26  stm32l4xx_hal_cortex.o(i.HAL_NVIC_SetPriorityGrouping)
    HAL_PWREx_ControlVoltageScaling          0x08000951   Thumb Code    90  stm32l4xx_hal_pwr_ex.o(i.HAL_PWREx_ControlVoltageScaling)
    HAL_PWREx_GetVoltageRange                0x080009b9   Thumb Code    10  stm32l4xx_hal_pwr_ex.o(i.HAL_PWREx_GetVoltageRange)
    HAL_RCC_ClockConfig                      0x080009c9   Thumb Code   304  stm32l4xx_hal_rcc.o(i.HAL_RCC_ClockConfig)
    HAL_RCC_GetSysClockFreq                  0x08000b0d   Thumb Code   150  stm32l4xx_hal_rcc.o(i.HAL_RCC_GetSysClockFreq)
    HAL_RCC_OscConfig                        0x08000bb1   Thumb Code  1294  stm32l4xx_hal_rcc.o(i.HAL_RCC_OscConfig)
    HAL_SPI_ErrorCallback                    0x080010c9   Thumb Code     2  stm32l4xx_hal_spi.o(i.HAL_SPI_ErrorCallback)
    HAL_SPI_IRQHandler                       0x080010cd   Thumb Code   246  stm32l4xx_hal_spi.o(i.HAL_SPI_IRQHandler)
    HAL_SPI_Init                             0x080011c9   Thumb Code   224  stm32l4xx_hal_spi.o(i.HAL_SPI_Init)
    HAL_SPI_MspInit                          0x080012a9   Thumb Code   232  stm32l4xx_hal_msp.o(i.HAL_SPI_MspInit)
    HAL_SPI_Receive                          0x080013ad   Thumb Code   382  stm32l4xx_hal_spi.o(i.HAL_SPI_Receive)
    HAL_SPI_Receive_DMA                      0x08001531   Thumb Code   332  stm32l4xx_hal_spi.o(i.HAL_SPI_Receive_DMA)
    HAL_SPI_RxCpltCallback                   0x08001689   Thumb Code    20  icm_20948.o(i.HAL_SPI_RxCpltCallback)
    HAL_SPI_RxHalfCpltCallback               0x080016a5   Thumb Code     2  stm32l4xx_hal_spi.o(i.HAL_SPI_RxHalfCpltCallback)
    HAL_SPI_Transmit                         0x080016a7   Thumb Code   398  stm32l4xx_hal_spi.o(i.HAL_SPI_Transmit)
    HAL_SPI_TransmitReceive                  0x0800183b   Thumb Code   626  stm32l4xx_hal_spi.o(i.HAL_SPI_TransmitReceive)
    HAL_SPI_TransmitReceive_DMA              0x08001ab5   Thumb Code   414  stm32l4xx_hal_spi.o(i.HAL_SPI_TransmitReceive_DMA)
    HAL_SPI_TxRxCpltCallback                 0x08001c69   Thumb Code     2  stm32l4xx_hal_spi.o(i.HAL_SPI_TxRxCpltCallback)
    HAL_SPI_TxRxHalfCpltCallback             0x08001c6b   Thumb Code     2  stm32l4xx_hal_spi.o(i.HAL_SPI_TxRxHalfCpltCallback)
    HAL_SYSTICK_Config                       0x08001c6d   Thumb Code    40  stm32l4xx_hal_cortex.o(i.HAL_SYSTICK_Config)
    HardFault_Handler                        0x08001c95   Thumb Code     2  stm32l4xx_it.o(i.HardFault_Handler)
    MemManage_Handler                        0x08001d51   Thumb Code     2  stm32l4xx_it.o(i.MemManage_Handler)
    NMI_Handler                              0x08001d53   Thumb Code     2  stm32l4xx_it.o(i.NMI_Handler)
    PendSV_Handler                           0x08001d55   Thumb Code     2  stm32l4xx_it.o(i.PendSV_Handler)
    SPI2_IRQHandler                          0x08001dd5   Thumb Code     6  stm32l4xx_it.o(i.SPI2_IRQHandler)
    SVC_Handler                              0x08002151   Thumb Code     2  stm32l4xx_it.o(i.SVC_Handler)
    SysTick_Handler                          0x08002153   Thumb Code     4  stm32l4xx_it.o(i.SysTick_Handler)
    SystemClock_Config                       0x08002157   Thumb Code   114  main.o(i.SystemClock_Config)
    SystemInit                               0x080021c9   Thumb Code    12  system_stm32l4xx.o(i.SystemInit)
    UsageFault_Handler                       0x080021d9   Thumb Code     2  stm32l4xx_it.o(i.UsageFault_Handler)
    icm_20948_init                           0x0800230d   Thumb Code   152  icm_20948.o(i.icm_20948_init)
    icm_20948_process                        0x080023a5   Thumb Code    42  icm_20948.o(i.icm_20948_process)
    icm_20948_read_data                      0x080023d5   Thumb Code    64  icm_20948.o(i.icm_20948_read_data)
    icm_20948_read_reg                       0x0800241d   Thumb Code    50  icm_20948.o(i.icm_20948_read_reg)
    icm_20948_start_read                     0x08002455   Thumb Code    66  icm_20948.o(i.icm_20948_start_read)
    icm_20948_write_reg                      0x080024a5   Thumb Code    40  icm_20948.o(i.icm_20948_write_reg)
    main                                     0x080024d1   Thumb Code   102  main.o(i.main)
    _fp_init                                 0x08002579   Thumb Code    10  fpinit.o(x$fpl$fpinit)
    __fplib_config_fpu_vfp                   0x08002581   Thumb Code     0  fpinit.o(x$fpl$fpinit)
    __fplib_config_pureend_doubles           0x08002581   Thumb Code     0  fpinit.o(x$fpl$fpinit)
    AHBPrescTable                            0x08002584   Data          16  system_stm32l4xx.o(.constdata)
    MSIRangeTable                            0x08002594   Data          48  system_stm32l4xx.o(.constdata)
    Region$$Table$$Base                      0x080025c4   Number         0  anon$$obj.o(Region$$Table)
    Region$$Table$$Limit                     0x080025e4   Number         0  anon$$obj.o(Region$$Table)
    uwTickFreq                               0x20000000   Data           1  stm32l4xx_hal.o(.data)
    uwTickPrio                               0x20000004   Data           4  stm32l4xx_hal.o(.data)
    uwTick                                   0x20000008   Data           4  stm32l4xx_hal.o(.data)
    SystemCoreClock                          0x2000000c   Data           4  system_stm32l4xx.o(.data)
    imu_state                                0x20000010   Data           1  icm_20948.o(.data)
    thongtin                                 0x20000018   Data          18  main.o(.bss)
    hspi2                                    0x2000002c   Data         100  main.o(.bss)
    hdma_spi2_rx                             0x20000090   Data          72  main.o(.bss)
    hdma_spi2_tx                             0x200000d8   Data          72  main.o(.bss)
    __libspace_start                         0x20000134   Data          96  libspace.o(.bss)
    __temporary_stack_top$libspace           0x20000194   Data           0  libspace.o(.bss)



==============================================================================

Memory Map of the image

  Image Entry point : 0x08000189

  Load Region LR_IROM1 (Base: 0x08000000, Size: 0x000025fc, Max: 0x00100000, ABSOLUTE)

    Execution Region ER_IROM1 (Exec base: 0x08000000, Load base: 0x08000000, Size: 0x000025e4, Max: 0x00100000, ABSOLUTE)

    Exec Addr    Load Addr    Size         Type   Attr      Idx    E Section Name        Object

    0x08000000   0x08000000   0x00000188   Data   RO            3    RESET               startup_stm32l476xx.o
    0x08000188   0x08000188   0x00000008   Code   RO         2297  * !!!main             c_w.l(__main.o)
    0x08000190   0x08000190   0x00000034   Code   RO         2454    !!!scatter          c_w.l(__scatter.o)
    0x080001c4   0x080001c4   0x0000001a   Code   RO         2456    !!handler_copy      c_w.l(__scatter_copy.o)
    0x080001de   0x080001de   0x00000002   PAD
    0x080001e0   0x080001e0   0x0000001c   Code   RO         2458    !!handler_zi        c_w.l(__scatter_zi.o)
    0x080001fc   0x080001fc   0x00000002   Code   RO         2324    .ARM.Collect$$libinit$$00000000  c_w.l(libinit.o)
    0x080001fe   0x080001fe   0x00000004   Code   RO         2330    .ARM.Collect$$libinit$$00000001  c_w.l(libinit2.o)
    0x08000202   0x08000202   0x00000000   Code   RO         2333    .ARM.Collect$$libinit$$00000004  c_w.l(libinit2.o)
    0x08000202   0x08000202   0x00000000   Code   RO         2336    .ARM.Collect$$libinit$$0000000A  c_w.l(libinit2.o)
    0x08000202   0x08000202   0x00000000   Code   RO         2338    .ARM.Collect$$libinit$$0000000C  c_w.l(libinit2.o)
    0x08000202   0x08000202   0x00000000   Code   RO         2340    .ARM.Collect$$libinit$$0000000E  c_w.l(libinit2.o)
    0x08000202   0x08000202   0x00000000   Code   RO         2343    .ARM.Collect$$libinit$$00000011  c_w.l(libinit2.o)
    0x08000202   0x08000202   0x00000000   Code   RO         2345    .ARM.Collect$$libinit$$00000013  c_w.l(libinit2.o)
    0x08000202   0x08000202   0x00000000   Code   RO         2347    .ARM.Collect$$libinit$$00000015  c_w.l(libinit2.o)
    0x08000202   0x08000202   0x00000000   Code   RO         2349    .ARM.Collect$$libinit$$00000017  c_w.l(libinit2.o)
    0x08000202   0x08000202   0x00000000   Code   RO         2351    .ARM.Collect$$libinit$$00000019  c_w.l(libinit2.o)
    0x08000202   0x08000202   0x00000000   Code   RO         2353    .ARM.Collect$$libinit$$0000001B  c_w.l(libinit2.o)
    0x08000202   0x08000202   0x00000000   Code   RO         2355    .ARM.Collect$$libinit$$0000001D  c_w.l(libinit2.o)
    0x08000202   0x08000202   0x00000000   Code   RO         2357    .ARM.Collect$$libinit$$0000001F  c_w.l(libinit2.o)
    0x08000202   0x08000202   0x00000000   Code   RO         2359    .ARM.Collect$$libinit$$00000021  c_w.l(libinit2.o)
    0x08000202   0x08000202   0x00000000   Code   RO         2361    .ARM.Collect$$libinit$$00000023  c_w.l(libinit2.o)
    0x08000202   0x08000202   0x00000000   Code   RO         2363    .ARM.Collect$$libinit$$00000025  c_w.l(libinit2.o)
    0x08000202   0x08000202   0x00000000   Code   RO         2367    .ARM.Collect$$libinit$$0000002C  c_w.l(libinit2.o)
    0x08000202   0x08000202   0x00000000   Code   RO         2369    .ARM.Collect$$libinit$$0000002E  c_w.l(libinit2.o)
    0x08000202   0x08000202   0x00000000   Code   RO         2371    .ARM.Collect$$libinit$$00000030  c_w.l(libinit2.o)
    0x08000202   0x08000202   0x00000000   Code   RO         2373    .ARM.Collect$$libinit$$00000032  c_w.l(libinit2.o)
    0x08000202   0x08000202   0x00000002   Code   RO         2374    .ARM.Collect$$libinit$$00000033  c_w.l(libinit2.o)
    0x08000204   0x08000204   0x00000002   Code   RO         2394    .ARM.Collect$$libshutdown$$00000000  c_w.l(libshutdown.o)
    0x08000206   0x08000206   0x00000000   Code   RO         2407    .ARM.Collect$$libshutdown$$00000002  c_w.l(libshutdown2.o)
    0x08000206   0x08000206   0x00000000   Code   RO         2409    .ARM.Collect$$libshutdown$$00000004  c_w.l(libshutdown2.o)
    0x08000206   0x08000206   0x00000000   Code   RO         2412    .ARM.Collect$$libshutdown$$00000007  c_w.l(libshutdown2.o)
    0x08000206   0x08000206   0x00000000   Code   RO         2415    .ARM.Collect$$libshutdown$$0000000A  c_w.l(libshutdown2.o)
    0x08000206   0x08000206   0x00000000   Code   RO         2417    .ARM.Collect$$libshutdown$$0000000C  c_w.l(libshutdown2.o)
    0x08000206   0x08000206   0x00000000   Code   RO         2420    .ARM.Collect$$libshutdown$$0000000F  c_w.l(libshutdown2.o)
    0x08000206   0x08000206   0x00000002   Code   RO         2421    .ARM.Collect$$libshutdown$$00000010  c_w.l(libshutdown2.o)
    0x08000208   0x08000208   0x00000000   Code   RO         2299    .ARM.Collect$$rtentry$$00000000  c_w.l(__rtentry.o)
    0x08000208   0x08000208   0x00000000   Code   RO         2301    .ARM.Collect$$rtentry$$00000002  c_w.l(__rtentry2.o)
    0x08000208   0x08000208   0x00000006   Code   RO         2313    .ARM.Collect$$rtentry$$00000004  c_w.l(__rtentry4.o)
    0x0800020e   0x0800020e   0x00000000   Code   RO         2303    .ARM.Collect$$rtentry$$00000009  c_w.l(__rtentry2.o)
    0x0800020e   0x0800020e   0x00000004   Code   RO         2304    .ARM.Collect$$rtentry$$0000000A  c_w.l(__rtentry2.o)
    0x08000212   0x08000212   0x00000000   Code   RO         2306    .ARM.Collect$$rtentry$$0000000C  c_w.l(__rtentry2.o)
    0x08000212   0x08000212   0x00000008   Code   RO         2307    .ARM.Collect$$rtentry$$0000000D  c_w.l(__rtentry2.o)
    0x0800021a   0x0800021a   0x00000002   Code   RO         2328    .ARM.Collect$$rtexit$$00000000  c_w.l(rtexit.o)
    0x0800021c   0x0800021c   0x00000000   Code   RO         2376    .ARM.Collect$$rtexit$$00000002  c_w.l(rtexit2.o)
    0x0800021c   0x0800021c   0x00000004   Code   RO         2377    .ARM.Collect$$rtexit$$00000003  c_w.l(rtexit2.o)
    0x08000220   0x08000220   0x00000006   Code   RO         2378    .ARM.Collect$$rtexit$$00000004  c_w.l(rtexit2.o)
    0x08000226   0x08000226   0x00000002   PAD
    0x08000228   0x08000228   0x00000040   Code   RO            4    .text               startup_stm32l476xx.o
    0x08000268   0x08000268   0x0000004e   Code   RO         2293    .text               c_w.l(rt_memclr_w.o)
    0x080002b6   0x080002b6   0x00000006   Code   RO         2295    .text               c_w.l(heapauxi.o)
    0x080002bc   0x080002bc   0x0000004a   Code   RO         2315    .text               c_w.l(sys_stackheap_outer.o)
    0x08000306   0x08000306   0x00000012   Code   RO         2317    .text               c_w.l(exit.o)
    0x08000318   0x08000318   0x00000008   Code   RO         2325    .text               c_w.l(libspace.o)
    0x08000320   0x08000320   0x0000000c   Code   RO         2386    .text               c_w.l(sys_exit.o)
    0x0800032c   0x0800032c   0x00000002   Code   RO         2397    .text               c_w.l(use_no_semi.o)
    0x0800032e   0x0800032e   0x00000000   Code   RO         2399    .text               c_w.l(indicate_semi.o)
    0x0800032e   0x0800032e   0x00000002   Code   RO          164    i.BusFault_Handler  stm32l4xx_it.o
    0x08000330   0x08000330   0x0000000c   Code   RO          165    i.DMA1_Channel4_IRQHandler  stm32l4xx_it.o
    0x0800033c   0x0800033c   0x0000000c   Code   RO          166    i.DMA1_Channel5_IRQHandler  stm32l4xx_it.o
    0x08000348   0x08000348   0x0000002e   Code   RO         1448    i.DMA_SetConfig     stm32l4xx_hal_dma.o
    0x08000376   0x08000376   0x00000002   Code   RO          167    i.DebugMon_Handler  stm32l4xx_it.o
    0x08000378   0x08000378   0x00000004   Code   RO           13    i.Error_Handler     main.o
    0x0800037c   0x0800037c   0x0000004e   Code   RO         1450    i.HAL_DMA_Abort_IT  stm32l4xx_hal_dma.o
    0x080003ca   0x080003ca   0x00000002   PAD
    0x080003cc   0x080003cc   0x000000d4   Code   RO         1454    i.HAL_DMA_IRQHandler  stm32l4xx_hal_dma.o
    0x080004a0   0x080004a0   0x000000c4   Code   RO         1455    i.HAL_DMA_Init      stm32l4xx_hal_dma.o
    0x08000564   0x08000564   0x00000074   Code   RO         1459    i.HAL_DMA_Start_IT  stm32l4xx_hal_dma.o
    0x080005d8   0x080005d8   0x00000024   Code   RO          653    i.HAL_Delay         stm32l4xx_hal.o
    0x080005fc   0x080005fc   0x0000021e   Code   RO         1349    i.HAL_GPIO_Init     stm32l4xx_hal_gpio.o
    0x0800081a   0x0800081a   0x0000000a   Code   RO         1353    i.HAL_GPIO_WritePin  stm32l4xx_hal_gpio.o
    0x08000824   0x08000824   0x0000000c   Code   RO          657    i.HAL_GetTick       stm32l4xx_hal.o
    0x08000830   0x08000830   0x00000010   Code   RO          663    i.HAL_IncTick       stm32l4xx_hal.o
    0x08000840   0x08000840   0x0000001e   Code   RO          664    i.HAL_Init          stm32l4xx_hal.o
    0x0800085e   0x0800085e   0x00000002   PAD
    0x08000860   0x08000860   0x00000044   Code   RO          665    i.HAL_InitTick      stm32l4xx_hal.o
    0x080008a4   0x080008a4   0x0000002c   Code   RO          258    i.HAL_MspInit       stm32l4xx_hal_msp.o
    0x080008d0   0x080008d0   0x0000001a   Code   RO         1946    i.HAL_NVIC_EnableIRQ  stm32l4xx_hal_cortex.o
    0x080008ea   0x080008ea   0x00000002   PAD
    0x080008ec   0x080008ec   0x00000040   Code   RO         1952    i.HAL_NVIC_SetPriority  stm32l4xx_hal_cortex.o
    0x0800092c   0x0800092c   0x00000024   Code   RO         1953    i.HAL_NVIC_SetPriorityGrouping  stm32l4xx_hal_cortex.o
    0x08000950   0x08000950   0x00000068   Code   RO         1676    i.HAL_PWREx_ControlVoltageScaling  stm32l4xx_hal_pwr_ex.o
    0x080009b8   0x080009b8   0x00000010   Code   RO         1709    i.HAL_PWREx_GetVoltageRange  stm32l4xx_hal_pwr_ex.o
    0x080009c8   0x080009c8   0x00000144   Code   RO          881    i.HAL_RCC_ClockConfig  stm32l4xx_hal_rcc.o
    0x08000b0c   0x08000b0c   0x000000a4   Code   RO          890    i.HAL_RCC_GetSysClockFreq  stm32l4xx_hal_rcc.o
    0x08000bb0   0x08000bb0   0x00000518   Code   RO          893    i.HAL_RCC_OscConfig  stm32l4xx_hal_rcc.o
    0x080010c8   0x080010c8   0x00000002   Code   RO          302    i.HAL_SPI_ErrorCallback  stm32l4xx_hal_spi.o
    0x080010ca   0x080010ca   0x00000002   PAD
    0x080010cc   0x080010cc   0x000000fc   Code   RO          305    i.HAL_SPI_IRQHandler  stm32l4xx_hal_spi.o
    0x080011c8   0x080011c8   0x000000e0   Code   RO          306    i.HAL_SPI_Init      stm32l4xx_hal_spi.o
    0x080012a8   0x080012a8   0x00000104   Code   RO          260    i.HAL_SPI_MspInit   stm32l4xx_hal_msp.o
    0x080013ac   0x080013ac   0x00000184   Code   RO          309    i.HAL_SPI_Receive   stm32l4xx_hal_spi.o
    0x08001530   0x08001530   0x00000158   Code   RO          310    i.HAL_SPI_Receive_DMA  stm32l4xx_hal_spi.o
    0x08001688   0x08001688   0x0000001c   Code   RO         2196    i.HAL_SPI_RxCpltCallback  icm_20948.o
    0x080016a4   0x080016a4   0x00000002   Code   RO          313    i.HAL_SPI_RxHalfCpltCallback  stm32l4xx_hal_spi.o
    0x080016a6   0x080016a6   0x00000194   Code   RO          314    i.HAL_SPI_Transmit  stm32l4xx_hal_spi.o
    0x0800183a   0x0800183a   0x00000278   Code   RO          315    i.HAL_SPI_TransmitReceive  stm32l4xx_hal_spi.o
    0x08001ab2   0x08001ab2   0x00000002   PAD
    0x08001ab4   0x08001ab4   0x000001b4   Code   RO          316    i.HAL_SPI_TransmitReceive_DMA  stm32l4xx_hal_spi.o
    0x08001c68   0x08001c68   0x00000002   Code   RO          322    i.HAL_SPI_TxRxCpltCallback  stm32l4xx_hal_spi.o
    0x08001c6a   0x08001c6a   0x00000002   Code   RO          323    i.HAL_SPI_TxRxHalfCpltCallback  stm32l4xx_hal_spi.o
    0x08001c6c   0x08001c6c   0x00000028   Code   RO         1957    i.HAL_SYSTICK_Config  stm32l4xx_hal_cortex.o
    0x08001c94   0x08001c94   0x00000002   Code   RO          168    i.HardFault_Handler  stm32l4xx_it.o
    0x08001c96   0x08001c96   0x00000002   PAD
    0x08001c98   0x08001c98   0x0000006c   Code   RO           14    i.MX_GPIO_Init      main.o
    0x08001d04   0x08001d04   0x0000004c   Code   RO           15    i.MX_SPI2_Init      main.o
    0x08001d50   0x08001d50   0x00000002   Code   RO          169    i.MemManage_Handler  stm32l4xx_it.o
    0x08001d52   0x08001d52   0x00000002   Code   RO          170    i.NMI_Handler       stm32l4xx_it.o
    0x08001d54   0x08001d54   0x00000002   Code   RO          171    i.PendSV_Handler    stm32l4xx_it.o
    0x08001d56   0x08001d56   0x00000002   PAD
    0x08001d58   0x08001d58   0x0000007c   Code   RO          894    i.RCC_SetFlashLatencyFromMSIRange  stm32l4xx_hal_rcc.o
    0x08001dd4   0x08001dd4   0x0000000c   Code   RO          172    i.SPI2_IRQHandler   stm32l4xx_it.o
    0x08001de0   0x08001de0   0x00000012   Code   RO          333    i.SPI_DMAAbortOnError  stm32l4xx_hal_spi.o
    0x08001df2   0x08001df2   0x00000022   Code   RO          334    i.SPI_DMAError      stm32l4xx_hal_spi.o
    0x08001e14   0x08001e14   0x0000000a   Code   RO          335    i.SPI_DMAHalfReceiveCplt  stm32l4xx_hal_spi.o
    0x08001e1e   0x08001e1e   0x0000000a   Code   RO          337    i.SPI_DMAHalfTransmitReceiveCplt  stm32l4xx_hal_spi.o
    0x08001e28   0x08001e28   0x0000006c   Code   RO          338    i.SPI_DMAReceiveCplt  stm32l4xx_hal_spi.o
    0x08001e94   0x08001e94   0x0000005c   Code   RO          341    i.SPI_DMATransmitReceiveCplt  stm32l4xx_hal_spi.o
    0x08001ef0   0x08001ef0   0x00000074   Code   RO          343    i.SPI_EndRxTransaction  stm32l4xx_hal_spi.o
    0x08001f64   0x08001f64   0x00000048   Code   RO          344    i.SPI_EndRxTxTransaction  stm32l4xx_hal_spi.o
    0x08001fac   0x08001fac   0x000000e6   Code   RO          349    i.SPI_WaitFifoStateUntilTimeout  stm32l4xx_hal_spi.o
    0x08002092   0x08002092   0x00000002   PAD
    0x08002094   0x08002094   0x000000bc   Code   RO          350    i.SPI_WaitFlagStateUntilTimeout  stm32l4xx_hal_spi.o
    0x08002150   0x08002150   0x00000002   Code   RO          173    i.SVC_Handler       stm32l4xx_it.o
    0x08002152   0x08002152   0x00000004   Code   RO          174    i.SysTick_Handler   stm32l4xx_it.o
    0x08002156   0x08002156   0x00000072   Code   RO           16    i.SystemClock_Config  main.o
    0x080021c8   0x080021c8   0x00000010   Code   RO         2159    i.SystemInit        system_stm32l4xx.o
    0x080021d8   0x080021d8   0x00000002   Code   RO          175    i.UsageFault_Handler  stm32l4xx_it.o
    0x080021da   0x080021da   0x00000020   Code   RO         1959    i.__NVIC_SetPriority  stm32l4xx_hal_cortex.o
    0x080021fa   0x080021fa   0x00000002   PAD
    0x080021fc   0x080021fc   0x00000010   Code   RO         2197    i.activate_imu      icm_20948.o
    0x0800220c   0x0800220c   0x000000b2   Code   RO         2198    i.ak09916_mag_init  icm_20948.o
    0x080022be   0x080022be   0x0000003e   Code   RO         2199    i.ak09916_write_reg  icm_20948.o
    0x080022fc   0x080022fc   0x00000010   Code   RO         2200    i.deactivate_imu    icm_20948.o
    0x0800230c   0x0800230c   0x00000098   Code   RO         2201    i.icm_20948_init    icm_20948.o
    0x080023a4   0x080023a4   0x00000030   Code   RO         2202    i.icm_20948_process  icm_20948.o
    0x080023d4   0x080023d4   0x00000048   Code   RO         2203    i.icm_20948_read_data  icm_20948.o
    0x0800241c   0x0800241c   0x00000038   Code   RO         2204    i.icm_20948_read_reg  icm_20948.o
    0x08002454   0x08002454   0x00000050   Code   RO         2205    i.icm_20948_start_read  icm_20948.o
    0x080024a4   0x080024a4   0x0000002c   Code   RO         2206    i.icm_20948_write_reg  icm_20948.o
    0x080024d0   0x080024d0   0x00000074   Code   RO           17    i.main              main.o
    0x08002544   0x08002544   0x00000034   Code   RO         2207    i.sel_user_bank     icm_20948.o
    0x08002578   0x08002578   0x0000000a   Code   RO         2384    x$fpl$fpinit        fz_wm.l(fpinit.o)
    0x08002582   0x08002582   0x00000002   PAD
    0x08002584   0x08002584   0x00000040   Data   RO         2160    .constdata          system_stm32l4xx.o
    0x080025c4   0x080025c4   0x00000020   Data   RO         2452    Region$$Table       anon$$obj.o


    Execution Region RW_IRAM2 (Exec base: 0x10000000, Load base: 0x080025fc, Size: 0x00000000, Max: 0x00008000, ABSOLUTE)

    **** No section assigned to this execution region ****


    Execution Region RW_IRAM1 (Exec base: 0x20000000, Load base: 0x080025e4, Size: 0x00000798, Max: 0x00018000, ABSOLUTE)

    Exec Addr    Load Addr    Size         Type   Attr      Idx    E Section Name        Object

    0x20000000   0x080025e4   0x0000000c   Data   RW          681    .data               stm32l4xx_hal.o
    0x2000000c   0x080025f0   0x00000004   Data   RW         2162    .data               system_stm32l4xx.o
    0x20000010   0x080025f4   0x00000008   Data   RW         2210    .data               icm_20948.o
    0x20000018        -       0x00000078   Zero   RW           18    .bss                main.o
    0x20000090        -       0x00000048   Zero   RW           19    .bss                main.o
    0x200000d8        -       0x00000048   Zero   RW           20    .bss                main.o
    0x20000120        -       0x00000014   Zero   RW         2208    .bss                icm_20948.o
    0x20000134        -       0x00000060   Zero   RW         2326    .bss                c_w.l(libspace.o)
    0x20000194   0x080025fc   0x00000004   PAD
    0x20000198        -       0x00000200   Zero   RW            2    HEAP                startup_stm32l476xx.o
    0x20000398        -       0x00000400   Zero   RW            1    STACK               startup_stm32l476xx.o


==============================================================================

Image component sizes


      Code (inc. data)   RO Data    RW Data    ZI Data      Debug   Object Name

       804         64          0          8         20       9765   icm_20948.o
       418         30          0          0        264     770866   main.o
        64         26        392          0       1536        856   startup_stm32l476xx.o
       162         24          0         12          0      14473   stm32l4xx_hal.o
       198         14          0          0          0      33895   stm32l4xx_hal_cortex.o
       648         20          0          0          0       4534   stm32l4xx_hal_dma.o
       552         36          0          0          0       2392   stm32l4xx_hal_gpio.o
       304         34          0          0          0       1840   stm32l4xx_hal_msp.o
       120         20          0          0          0       1386   stm32l4xx_hal_pwr_ex.o
      1916         74          0          0          0       5794   stm32l4xx_hal_rcc.o
      3566         50          0          0          0      19538   stm32l4xx_hal_spi.o
        56         18          0          0          0       5718   stm32l4xx_it.o
        16          4         64          4          0       1217   system_stm32l4xx.o

    ----------------------------------------------------------------------
      8842        414        488         24       1820     872274   Object Totals
         0          0         32          0          0          0   (incl. Generated)
        18          0          0          0          0          0   (incl. Padding)

    ----------------------------------------------------------------------

      Code (inc. data)   RO Data    RW Data    ZI Data      Debug   Library Member Name

         8          0          0          0          0         68   __main.o
         0          0          0          0          0          0   __rtentry.o
        12          0          0          0          0          0   __rtentry2.o
         6          0          0          0          0          0   __rtentry4.o
        52          8          0          0          0          0   __scatter.o
        26          0          0          0          0          0   __scatter_copy.o
        28          0          0          0          0          0   __scatter_zi.o
        18          0          0          0          0         80   exit.o
         6          0          0          0          0        152   heapauxi.o
         0          0          0          0          0          0   indicate_semi.o
         2          0          0          0          0          0   libinit.o
         6          0          0          0          0          0   libinit2.o
         2          0          0          0          0          0   libshutdown.o
         2          0          0          0          0          0   libshutdown2.o
         8          4          0          0         96         68   libspace.o
        78          0          0          0          0         80   rt_memclr_w.o
         2          0          0          0          0          0   rtexit.o
        10          0          0          0          0          0   rtexit2.o
        12          4          0          0          0         68   sys_exit.o
        74          0          0          0          0         80   sys_stackheap_outer.o
         2          0          0          0          0         68   use_no_semi.o
        10          0          0          0          0        116   fpinit.o

    ----------------------------------------------------------------------
       370         16          0          0        100        780   Library Totals
         6          0          0          0          4          0   (incl. Padding)

    ----------------------------------------------------------------------

      Code (inc. data)   RO Data    RW Data    ZI Data      Debug   Library Name

       354         16          0          0         96        664   c_w.l
        10          0          0          0          0        116   fz_wm.l

    ----------------------------------------------------------------------
       370         16          0          0        100        780   Library Totals

    ----------------------------------------------------------------------

==============================================================================


      Code (inc. data)   RO Data    RW Data    ZI Data      Debug   

      9212        430        488         24       1920     866046   Grand Totals
      9212        430        488         24       1920     866046   ELF Image Totals
      9212        430        488         24          0          0   ROM Totals

==============================================================================

    Total RO  Size (Code + RO Data)                 9700 (   9.47kB)
    Total RW  Size (RW Data + ZI Data)              1944 (   1.90kB)
    Total ROM Size (Code + RO Data + RW Data)       9724 (   9.50kB)

==============================================================================

