<html>
<body>
<pre>
<h1>µVision Build Log</h1>
<h2>Tool Versions:</h2>
IDE-Version: µVision V5.29.0.0
Copyright (C) 2019 ARM Ltd and ARM Germany GmbH. All rights reserved.
License Information: EIU eiu.lab@outlook.com, EIU, LIC=----
 
Tool Versions:
Toolchain:       MDK-Lite  Version: 5.29.0.0
Toolchain Path:  C:\Keil_v5\ARM\ARMCC\Bin
C Compiler:      Armcc.exe V5.06 update 6 (build 750)
Assembler:       Armasm.exe V5.06 update 6 (build 750)
Linker/Locator:  ArmLink.exe V5.06 update 6 (build 750)
Library Manager: ArmAr.exe V5.06 update 6 (build 750)
Hex Converter:   FromElf.exe V5.06 update 6 (build 750)
CPU DLL:         SARMCM3.DLL V5.29.0.0
Dialog DLL:      DCM.DLL V1.17.3.0
Target DLL:      STLink\ST-LINKIII-KEIL_SWO.dll V3.0.7.0
Dialog DLL:      TCM.DLL V1.36.5.0
 
<h2>Project:</h2>
D:\ETE_K2025_LuuGiaNghi\FABLAB_STM32\basic_STM32F103C8T6\SPI_DESIGN\SPI_MASTER\MDK-ARM\SPI_MASTER.uvprojx
Project File Date:  06/09/2026

<h2>Output:</h2>
*** Using Compiler 'V5.06 update 6 (build 750)', folder: 'C:\Keil_v5\ARM\ARMCC\Bin'
Build target 'SPI_MASTER'
compiling spi_master.c...
..\Libs\spi_master.h(10): warning:  #1-D: last line of file ends without a newline
  #endif
..\Libs\spi_master.c(8): warning:  #188-D: enumerated type mixed with another type
  	HAL_GPIO_WritePin(SPI1_CS_GPIO_Port, SPI1_CS_Pin, 0);
..\Libs\spi_master.c(10): warning:  #188-D: enumerated type mixed with another type
  	HAL_GPIO_WritePin(SPI1_CS_GPIO_Port, SPI1_CS_Pin, 1);
..\Libs\spi_master.c(11): warning:  #1-D: last line of file ends without a newline
  }
..\Libs\spi_master.c: 4 warnings, 0 errors
linking...
Program Size: Code=3688 RO-data=304 RW-data=16 ZI-data=1720  
FromELF: creating hex file...
"SPI_MASTER\SPI_MASTER.axf" - 0 Error(s), 4 Warning(s).

<h2>Software Packages used:</h2>

Package Vendor: ARM
                https://www.keil.com/pack/ARM.CMSIS.6.1.0.pack
                ARM.CMSIS.6.1.0
                CMSIS (Common Microcontroller Software Interface Standard)
   * Component: CORE Version: 6.1.0

Package Vendor: Keil
                https://www.keil.com/pack/Keil.STM32F1xx_DFP.2.4.1.pack
                Keil.STM32F1xx_DFP.2.4.1
                STMicroelectronics STM32F1 Series Device Support, Drivers and Examples

<h2>Collection of Component include folders:</h2>
  .\RTE\_SPI_MASTER
  C:\Users\CNTT\AppData\Local\Arm\Packs\ARM\CMSIS\6.1.0\CMSIS\Core\Include
  C:\Users\CNTT\AppData\Local\Arm\Packs\Keil\STM32F1xx_DFP\2.4.1\Device\Include

<h2>Collection of Component Files used:</h2>

   * Component: ARM::CMSIS:CORE:6.1.0
      Include file:  CMSIS\Core\Include\tz_context.h
Build Time Elapsed:  00:00:01
</pre>
</body>
</html>
